Archive member included because of file (symbol)

ym/mbed-drivers/source/mbed-drivers.a(retarget.cpp.o)
                              c:/yotta/gcc/bin/../lib/gcc/arm-none-eabi/4.9.3/../../../../arm-none-eabi/lib/armv7e-m/crt0.o (__wrap_main)
ym/mbed-drivers/source/mbed-drivers.a(Stream.cpp.o)
                              ym/mbed-drivers/source/mbed-drivers.a(retarget.cpp.o) (mbed::Stream::~Stream())
ym/mbed-drivers/source/mbed-drivers.a(FileLike.cpp.o)
                              ym/mbed-drivers/source/mbed-drivers.a(Stream.cpp.o) (mbed::FileLike::FileLike(char const*))
ym/mbed-drivers/source/mbed-drivers.a(exit.c.o)
                              c:/yotta/gcc/bin/../lib/gcc/arm-none-eabi/4.9.3/../../../../arm-none-eabi/lib/armv7e-m/crt0.o (exit)
ym/mbed-drivers/source/mbed-drivers.a(FileBase.cpp.o)
                              ym/mbed-drivers/source/mbed-drivers.a(FileLike.cpp.o) (mbed::FileBase::~FileBase())
ym/mbed-drivers/source/mbed-drivers.a(FileSystemLike.cpp.o)
                              ym/mbed-drivers/source/mbed-drivers.a(retarget.cpp.o) (mbed::FileSystemLike::opendir())
ym/mbed-drivers/source/mbed-drivers.a(Serial.cpp.o)
                              ym/mbed-drivers/source/mbed-drivers.a(retarget.cpp.o) (mbed::Serial::Serial(PinName, PinName, char const*))
ym/mbed-drivers/source/mbed-drivers.a(FilePath.cpp.o)
                              ym/mbed-drivers/source/mbed-drivers.a(retarget.cpp.o) (mbed::FilePath::FilePath(char const*))
ym/mbed-drivers/source/mbed-drivers.a(gpio.c.o)
                              source/CMakeFiles/blinky.dir/C_/yotta/workspace/blinky/source/app.cpp.o (gpio_init_out)
ym/mbed-drivers/source/mbed-drivers.a(error.c.o)
                              ym/mbed-drivers/source/mbed-drivers.a(retarget.cpp.o) (error)
ym/mbed-drivers/source/mbed-drivers.a(SerialBase.cpp.o)
                              ym/mbed-drivers/source/mbed-drivers.a(retarget.cpp.o) (mbed::SerialBase::baud(int))
ym/mbed-drivers/source/mbed-drivers.a(wait_api.c.o)
                              ym/mbed-drivers/source/mbed-drivers.a(SerialBase.cpp.o) (wait_us)
ym/mbed-drivers/source/mbed-drivers.a(board.c.o)
                              ym/mbed-drivers/source/mbed-drivers.a(exit.c.o) (mbed_die)
ym/minar/source/minar.a(minar.cpp.o)
                              source/CMakeFiles/blinky.dir/C_/yotta/workspace/blinky/source/app.cpp.o (minar::Scheduler::CallbackAdder::period(unsigned long))
ym/core-util/source/core-util.a(ExtendablePoolAllocator.cpp.o)
                              ym/minar/source/minar.a(minar.cpp.o) (mbed::util::ExtendablePoolAllocator::ExtendablePoolAllocator())
ym/core-util/source/core-util.a(PoolAllocator.cpp.o)
                              ym/core-util/source/core-util.a(ExtendablePoolAllocator.cpp.o) (mbed::util::PoolAllocator::alloc())
ym/core-util/source/core-util.a(assert_mbed.c.o)
                              ym/minar/source/minar.a(minar.cpp.o) (core_util_runtime_error_internal)
ym/core-util/source/core-util.a(critical.c.o)
                              ym/minar/source/minar.a(minar.cpp.o) (core_util_critical_section_enter)
ym/mbed-hal-st-stm32f4/source/mbed-hal-st-stm32f4.a(hal_api.c.o)
                              ym/mbed-drivers/source/mbed-drivers.a(retarget.cpp.o) (mbed_hal_init)
ym/mbed-hal-st-stm32f4/source/mbed-hal-st-stm32f4.a(serial_api.c.o)
                              ym/mbed-drivers/source/mbed-drivers.a(SerialBase.cpp.o) (serial_init)
ym/mbed-hal-st-stm32f4/source/mbed-hal-st-stm32f4.a(pinmap.c.o)
                              ym/mbed-hal-st-stm32f4/source/mbed-hal-st-stm32f4.a(serial_api.c.o) (pin_function)
ym/mbed-hal-st-stm32f4/source/mbed-hal-st-stm32f4.a(gpio_api.c.o)
                              ym/mbed-drivers/source/mbed-drivers.a(gpio.c.o) (gpio_init)
ym/mbed-hal-st-stm32f4/source/mbed-hal-st-stm32f4.a(us_ticker.c.o)
                              ym/mbed-drivers/source/mbed-drivers.a(wait_api.c.o) (us_ticker_read)
ym/mbed-hal-st-stm32f4/source/mbed-hal-st-stm32f4.a(hal_tick.c.o)
                              ym/mbed-hal-st-stm32f4/source/mbed-hal-st-stm32f4.a(us_ticker.c.o) (HAL_InitTick)
ym/minar-platform-mbed/source/minar-platform-mbed.a(mbed_platform.cpp.o)
                              ym/minar/source/minar.a(minar.cpp.o) (minar::platform::init())
ym/mbed-hal-st-stm32cubef4/source/mbed-hal-st-stm32cubef4.a(stm32f4xx_hal_uart.c.o)
                              ym/mbed-hal-st-stm32f4/source/mbed-hal-st-stm32f4.a(serial_api.c.o) (HAL_UART_Init)
ym/mbed-hal-st-stm32cubef4/source/mbed-hal-st-stm32cubef4.a(stm32f4xx_hal.c.o)
                              ym/mbed-hal-st-stm32f4/source/mbed-hal-st-stm32f4.a(hal_api.c.o) (HAL_Init)
ym/mbed-hal-st-stm32cubef4/source/mbed-hal-st-stm32cubef4.a(stm32f4xx_hal_tim.c.o)
                              ym/mbed-hal-st-stm32f4/source/mbed-hal-st-stm32f4.a(hal_tick.c.o) (HAL_TIM_OC_Init)
ym/mbed-hal-st-stm32cubef4/source/mbed-hal-st-stm32cubef4.a(stm32f4xx_hal_dma__FIX.c.o)
[...]
Memory Configuration

Name             Origin             Length             Attributes
VECTORS          0x08000000         0x00000400         xr
FLASH            0x08000400         0x0007fc00         xr
RAM              0x20000194         0x00017e6c         xrw
*default*        0x00000000         0xffffffff

Linker script and memory map

LOAD c:/yotta/gcc/bin/../lib/gcc/arm-none-eabi/4.9.3/armv7e-m/crti.o
LOAD c:/yotta/gcc/bin/../lib/gcc/arm-none-eabi/4.9.3/armv7e-m/crtbegin.o
LOAD c:/yotta/gcc/bin/../lib/gcc/arm-none-eabi/4.9.3/../../../../arm-none-eabi/lib/armv7e-m/crt0.o
START GROUP
LOAD source/CMakeFiles/blinky.dir/C_/yotta/workspace/blinky/source/app.cpp.o
LOAD ym/mbed-drivers/source/mbed-drivers.a
LOAD ym/mbed-hal/source/mbed-hal.a
LOAD ym/cmsis-core/source/cmsis-core.a
LOAD ym/minar/source/minar.a
LOAD ym/core-util/source/core-util.a
LOAD ym/mbed-hal-st/yotta_dummy_lib_mbed_hal_st/mbed-hal-st.a
LOAD ym/cmsis-core-st/yotta_dummy_lib_cmsis_core_st/cmsis-core-st.a
LOAD ym/minar-platform/yotta_dummy_lib_minar_platform/minar-platform.a
LOAD ym/mbed-hal-st-stm32f4/source/mbed-hal-st-stm32f4.a
LOAD ym/cmsis-core-stm32f4/yotta_dummy_lib_cmsis_core_stm32f4/cmsis-core-stm32f4.a
LOAD ym/minar-platform-mbed/source/minar-platform-mbed.a
LOAD ym/mbed-hal-st-stm32cubef4/source/mbed-hal-st-stm32cubef4.a
LOAD ym/mbed-hal-st-stm32f401re/source/mbed-hal-st-stm32f401re.a
LOAD ym/cmsis-core-stm32f401xe/source/cmsis-core-stm32f401xe.a
LOAD ym/mbed-drivers/source/mbed-drivers.a
LOAD ym/mbed-hal/source/mbed-hal.a
LOAD ym/cmsis-core/source/cmsis-core.a
LOAD ym/minar/source/minar.a
LOAD ym/core-util/source/core-util.a
LOAD ym/mbed-hal-st/yotta_dummy_lib_mbed_hal_st/mbed-hal-st.a
LOAD ym/cmsis-core-st/yotta_dummy_lib_cmsis_core_st/cmsis-core-st.a
LOAD ym/minar-platform/yotta_dummy_lib_minar_platform/minar-platform.a
LOAD ym/mbed-hal-st-stm32f4/source/mbed-hal-st-stm32f4.a
LOAD ym/cmsis-core-stm32f4/yotta_dummy_lib_cmsis_core_stm32f4/cmsis-core-stm32f4.a
LOAD ym/minar-platform-mbed/source/minar-platform-mbed.a
LOAD ym/mbed-hal-st-stm32cubef4/source/mbed-hal-st-stm32cubef4.a
LOAD ym/mbed-hal-st-stm32f401re/source/mbed-hal-st-stm32f401re.a
LOAD ym/cmsis-core-stm32f401xe/source/cmsis-core-stm32f401xe.a
LOAD ym/compiler-polyfill/yotta_dummy_lib_compiler_polyfill/compiler-polyfill.a
LOAD ym/ualloc/source/ualloc.a
LOAD ym/dlmalloc/source/dlmalloc.a
LOAD ym/greentea-client/source/greentea-client.a
LOAD ym/uvisor-lib/source/uvisor-lib.a
LOAD c:/yotta/gcc/bin/../lib/gcc/arm-none-eabi/4.9.3/../../../../arm-none-eabi/lib/armv7e-m\libstdc++_nano.a
LOAD c:/yotta/gcc/bin/../lib/gcc/arm-none-eabi/4.9.3/../../../../arm-none-eabi/lib/armv7e-m\libsupc++_nano.a
LOAD c:/yotta/gcc/bin/../lib/gcc/arm-none-eabi/4.9.3/armv7e-m\libgcc.a
LOAD c:/yotta/gcc/bin/../lib/gcc/arm-none-eabi/4.9.3/../../../../arm-none-eabi/lib/armv7e-m\libstdc++_nano.a
LOAD c:/yotta/gcc/bin/../lib/gcc/arm-none-eabi/4.9.3/../../../../arm-none-eabi/lib/armv7e-m\libsupc++_nano.a
LOAD c:/yotta/gcc/bin/../lib/gcc/arm-none-eabi/4.9.3/../../../../arm-none-eabi/lib/armv7e-m\libm.a
LOAD c:/yotta/gcc/bin/../lib/gcc/arm-none-eabi/4.9.3/../../../../arm-none-eabi/lib/armv7e-m\libc_nano.a
LOAD c:/yotta/gcc/bin/../lib/gcc/arm-none-eabi/4.9.3/armv7e-m\libgcc.a
END GROUP
LOAD c:/yotta/gcc/bin/../lib/gcc/arm-none-eabi/4.9.3/../../../../arm-none-eabi/lib/armv7e-m\libstdc++_nano.a
LOAD c:/yotta/gcc/bin/../lib/gcc/arm-none-eabi/4.9.3/../../../../arm-none-eabi/lib/armv7e-m\libm.a
LOAD c:/yotta/gcc/bin/../lib/gcc/arm-none-eabi/4.9.3/../../../../arm-none-eabi/lib/armv7e-m\libc_nano.a
START GROUP
LOAD c:/yotta/gcc/bin/../lib/gcc/arm-none-eabi/4.9.3/armv7e-m\libgcc.a
LOAD c:/yotta/gcc/bin/../lib/gcc/arm-none-eabi/4.9.3/../../../../arm-none-eabi/lib/armv7e-m\libc_nano.a
END GROUP
START GROUP
LOAD c:/yotta/gcc/bin/../lib/gcc/arm-none-eabi/4.9.3/armv7e-m\libgcc.a
LOAD c:/yotta/gcc/bin/../lib/gcc/arm-none-eabi/4.9.3/../../../../arm-none-eabi/lib/armv7e-m\libc_nano.a
END GROUP
LOAD c:/yotta/gcc/bin/../lib/gcc/arm-none-eabi/4.9.3/armv7e-m/crtend.o
LOAD c:/yotta/gcc/bin/../lib/gcc/arm-none-eabi/4.9.3/armv7e-m/crtn.o

.isr_vector     0x08000000      0x194
                0x08000000                __vector_table = .
 *(SORT(.isr_vector))
 .isr_vector    0x08000000      0x194 ym/mbed-hal-st-stm32f401re/source/mbed-hal-st-stm32f401re.a(startup_stm32f401xe.s.obj)
                0x08000000                g_pfnVectors
                0x08000194                . = ALIGN (0x4)

.uvisor.bss     0x20000194        0xc
                0x200001a0                . = ALIGN (0x20)
 *fill*         0x20000194        0xc 
                0x200001a0                __uvisor_bss_start = .
                0x200001a0                . = ALIGN (0x20)
                0x200001a0                __uvisor_bss_main_start = .
 *(SORT(.keep.uvisor.bss.main))
                0x200001a0                . = ALIGN (0x20)
                0x200001a0                __uvisor_bss_main_end = .
                0x200001a0                . = ALIGN (0x20)
                0x200001a0                __uvisor_bss_boxes_start = .
 *(SORT(.keep.uvisor.bss.boxes))
                0x200001a0                . = ALIGN (0x20)
                0x200001a0                __uvisor_bss_boxes_end = .
                0x200001a0                . = ALIGN (0x20)
                0x200001a0                __uvisor_bss_end = .

.text           0x08000400     0x98a4
                0x08000400                . = ALIGN (0x4)
                0x08000400                __uvisor_main_start = .
 *(SORT(.uvisor.main))
 .uvisor.main   0x08000400        0x2 ym/uvisor-lib/source/uvisor-lib.a(unsupported.cpp.o)
                0x08000400                uvisor_init
                0x08000402                __uvisor_main_end = .
 *(SORT(.text*))
 *fill*         0x08000402        0x6 
 .text._dtoa_r  0x08000408      0xb80 c:/yotta/gcc/bin/../lib/gcc/arm-none-eabi/4.9.3/../../../../arm-none-eabi/lib/armv7e-m\libc_nano.a(lib_a-dtoa.o)
                0x08000408                _dtoa_r
 .text          0x08000f88       0x5c c:/yotta/gcc/bin/../lib/gcc/arm-none-eabi/4.9.3/armv7e-m/crtbegin.o
 .text          0x08000fe4       0x74 c:/yotta/gcc/bin/../lib/gcc/arm-none-eabi/4.9.3/../../../../arm-none-eabi/lib/armv7e-m/crt0.o
                0x08000fe4                _start
                0x08000fe4                _mainCRTStartup
 .text._ZN4mbed4util19FunctionPointerBindIvED2Ev
                0x08001058       0x18 source/CMakeFiles/blinky.dir/C_/yotta/workspace/blinky/source/app.cpp.o
                0x08001058                mbed::util::FunctionPointerBind<void>::~FunctionPointerBind()
                0x08001058                mbed::util::FunctionPointerBind<void>::~FunctionPointerBind()
 .text._ZN4mbed4util19FunctionPointerBindIvE5clearEv
                0x08001070       0x24 source/CMakeFiles/blinky.dir/C_/yotta/workspace/blinky/source/app.cpp.o
                0x08001070                mbed::util::FunctionPointerBind<void>::clear()
 .text._ZL6blinkyv
                0x08001094       0x58 source/CMakeFiles/blinky.dir/C_/yotta/workspace/blinky/source/app.cpp.o
 .text._Z9app_startiPPc
                0x080010ec       0x60 source/CMakeFiles/blinky.dir/C_/yotta/workspace/blinky/source/app.cpp.o
                0x080010ec                app_start(int, char**)
 .text._ZN4mbed10SerialBaseD2Ev
                0x0800114c       0x28 ym/mbed-drivers/source/mbed-drivers.a(retarget.cpp.o)
                0x0800114c                mbed::SerialBase::~SerialBase()
                0x0800114c                mbed::SerialBase::~SerialBase()
 .text._ZN4mbed6SerialD2Ev
                0x08001174       0x2c ym/mbed-drivers/source/mbed-drivers.a(retarget.cpp.o)
                0x08001174                mbed::Serial::~Serial()
                0x08001174                mbed::Serial::~Serial()
 .text._ZN4mbed10FileHandleD2Ev
                0x080011a0       0x28 ym/mbed-drivers/source/mbed-drivers.a(retarget.cpp.o)
                0x080011a0                mbed::FileHandle::~FileHandle()
                0x080011a0                mbed::FileHandle::~FileHandle()
 .text._ZN4mbed16get_stdio_serialEv
                0x080011c8       0x50 ym/mbed-drivers/source/mbed-drivers.a(retarget.cpp.o)
                0x080011c8                mbed::get_stdio_serial()
 .text._open    0x08001218       0xd0 ym/mbed-drivers/source/mbed-drivers.a(retarget.cpp.o)
                0x08001218                _open
 .text._close   0x080012e8       0x2c ym/mbed-drivers/source/mbed-drivers.a(retarget.cpp.o)
                0x080012e8                _close
 .text._write   0x08001314       0x44 ym/mbed-drivers/source/mbed-drivers.a(retarget.cpp.o)
                0x08001314                _write
 .text._read    0x08001358       0x38 ym/mbed-drivers/source/mbed-drivers.a(retarget.cpp.o)
                0x08001358                _read
 .text._isatty  0x08001390       0x24 ym/mbed-drivers/source/mbed-drivers.a(retarget.cpp.o)
                0x08001390                _isatty
 .text._lseek   0x080013b4       0x24 ym/mbed-drivers/source/mbed-drivers.a(retarget.cpp.o)
                0x080013b4                _lseek
 .text.startup.main
                0x080013d8       0x58 ym/mbed-drivers/source/mbed-drivers.a(retarget.cpp.o)
                0x080013d8                main
 .text._ZN4mbed6StreamC2EPKc
                0x08001430       0x48 ym/mbed-drivers/source/mbed-drivers.a(Stream.cpp.o)
                0x08001430                mbed::Stream::Stream(char const*)
                0x08001430                mbed::Stream::Stream(char const*)
 .text._ZN4mbed6StreamD2Ev
                0x08001478       0x24 ym/mbed-drivers/source/mbed-drivers.a(Stream.cpp.o)
                0x08001478                mbed::Stream::~Stream()
                0x08001478                mbed::Stream::~Stream()
 .text._ZN4mbed8FileLikeC2EPKc
                0x0800149c       0x28 ym/mbed-drivers/source/mbed-drivers.a(FileLike.cpp.o)
                0x0800149c                mbed::FileLike::FileLike(char const*)
                0x0800149c                mbed::FileLike::FileLike(char const*)
 .text._ZN4mbed8FileLikeD2Ev
                0x080014c4       0x24 ym/mbed-drivers/source/mbed-drivers.a(FileLike.cpp.o)
                0x080014c4                mbed::FileLike::~FileLike()
                0x080014c4                mbed::FileLike::~FileLike()
 .text.exit     0x080014e8       0x24 ym/mbed-drivers/source/mbed-drivers.a(exit.c.o)
                0x080014e8                exit
 .text._ZN4mbed8FileBaseD2Ev
                0x0800150c       0x30 ym/mbed-drivers/source/mbed-drivers.a(FileBase.cpp.o)
                0x0800150c                mbed::FileBase::~FileBase()
                0x0800150c                mbed::FileBase::~FileBase()
 .text._ZN4mbed8FileBaseC2EPKcNS_8PathTypeE
                0x0800153c       0x20 ym/mbed-drivers/source/mbed-drivers.a(FileBase.cpp.o)
                0x0800153c                mbed::FileBase::FileBase(char const*, mbed::PathType)
                0x0800153c                mbed::FileBase::FileBase(char const*, mbed::PathType)
 .text._ZN4mbed8FileBase6lookupEPKcj
                0x0800155c       0x34 ym/mbed-drivers/source/mbed-drivers.a(FileBase.cpp.o)
                0x0800155c                mbed::FileBase::lookup(char const*, unsigned int)
 .text._ZN4mbed6SerialC2E7PinNameS1_PKc
                0x08001590       0x34 ym/mbed-drivers/source/mbed-drivers.a(Serial.cpp.o)
                0x08001590                mbed::Serial::Serial(PinName, PinName, char const*)
                0x08001590                mbed::Serial::Serial(PinName, PinName, char const*)
 .text.error    0x080015c4       0x20 ym/mbed-drivers/source/mbed-drivers.a(error.c.o)
                0x080015c4                error
 .text._ZN4mbed4util19FunctionPointerBaseIvEC2Ev
                0x080015e4       0x20 ym/mbed-drivers/source/mbed-drivers.a(SerialBase.cpp.o)
                0x080015e4                mbed::util::FunctionPointerBase<void>::FunctionPointerBase()
                0x080015e4                mbed::util::FunctionPointerBase<void>::FunctionPointerBase()
 .text._ZN4mbed10SerialBaseC2E7PinNameS1_
                0x08001604       0xec ym/mbed-drivers/source/mbed-drivers.a(SerialBase.cpp.o)
                0x08001604                mbed::SerialBase::SerialBase(PinName, PinName)
                0x08001604                mbed::SerialBase::SerialBase(PinName, PinName)
 .text._ZN5minar12CallbackNode13get_allocatorEv
                0x080016f0       0x48 ym/minar/source/minar.a(minar.cpp.o)
                0x080016f0                minar::CallbackNode::get_allocator()
 .text._ZN4mbed4util19FunctionPointerBindIvEC2ERKS2_
                0x08001738       0x50 ym/minar/source/minar.a(minar.cpp.o)
                0x08001738                mbed::util::FunctionPointerBind<void>::FunctionPointerBind(mbed::util::FunctionPointerBind<void> const&)
                0x08001738                mbed::util::FunctionPointerBind<void>::FunctionPointerBind(mbed::util::FunctionPointerBind<void> const&)
 .text._ZNK4mbed4util10BinaryHeapIPN5minar12CallbackNodeENS2_13SchedulerData19CallbackNodeCompareEE8get_rootEv
                0x08001788       0x28 ym/minar/source/minar.a(minar.cpp.o)
                0x08001788                mbed::util::BinaryHeap<minar::CallbackNode*, minar::SchedulerData::CallbackNodeCompare>::get_root() const
 .text._ZN5minar13SchedulerDataC2Ev
                0x080017b0       0x6c ym/minar/source/minar.a(minar.cpp.o)
                0x080017b0                minar::SchedulerData::SchedulerData()
                0x080017b0                minar::SchedulerData::SchedulerData()
 .text._ZN5minar9Scheduler8instanceEv
                0x0800181c       0x34 ym/minar/source/minar.a(minar.cpp.o)
                0x0800181c                minar::Scheduler::instance()
 .text._ZN5minar9Scheduler12postCallbackERKN4mbed4util19FunctionPointerBindIvEE
                0x08001850       0x34 ym/minar/source/minar.a(minar.cpp.o)
                0x08001850                minar::Scheduler::postCallback(mbed::util::FunctionPointerBind<void> const&)
 .text._ZN5minar13SchedulerData5startEv
                0x08001884      0x168 ym/minar/source/minar.a(minar.cpp.o)
                0x08001884                minar::SchedulerData::start()
 .text._ZN5minar9Scheduler5startEv
                0x080019ec       0x18 ym/minar/source/minar.a(minar.cpp.o)
                0x080019ec                minar::Scheduler::start()
 .text._ZN5minar13SchedulerData11postGenericEN4mbed4util19FunctionPointerBindIvEEmmm
                0x08001a04       0x5c ym/minar/source/minar.a(minar.cpp.o)
                0x08001a04                minar::SchedulerData::postGeneric(mbed::util::FunctionPointerBind<void>, unsigned long, unsigned long, unsigned long)
 .text.core_util_runtime_error_internal
                0x08001a60       0x40 ym/core-util/source/core-util.a(assert_mbed.c.o)
                0x08001a60                core_util_runtime_error_internal
 .text.core_util_critical_section_enter
                0x08001aa0       0x28 ym/core-util/source/core-util.a(critical.c.o)
                0x08001aa0                core_util_critical_section_enter
 .text.core_util_critical_section_exit
                0x08001ac8       0x28 ym/core-util/source/core-util.a(critical.c.o)
                0x08001ac8                core_util_critical_section_exit
 .text.serial_init
                0x08001af0      0x238 ym/mbed-hal-st-stm32f4/source/mbed-hal-st-stm32f4.a(serial_api.c.o)
                0x08001af0                serial_init
 .text.serial_baud
                0x08001d28       0x2c ym/mbed-hal-st-stm32f4/source/mbed-hal-st-stm32f4.a(serial_api.c.o)
                0x08001d28                serial_baud
 .text.serial_irq_handler
                0x08001d54       0x18 ym/mbed-hal-st-stm32f4/source/mbed-hal-st-stm32f4.a(serial_api.c.o)
                0x08001d54                serial_irq_handler
 .text.serial_readable
                0x08001d6c       0x14 ym/mbed-hal-st-stm32f4/source/mbed-hal-st-stm32f4.a(serial_api.c.o)
                0x08001d6c                serial_readable
 .text.serial_getc
                0x08001d80       0x24 ym/mbed-hal-st-stm32f4/source/mbed-hal-st-stm32f4.a(serial_api.c.o)
                0x08001d80                serial_getc
 .text.serial_writable
                0x08001da4       0x14 ym/mbed-hal-st-stm32f4/source/mbed-hal-st-stm32f4.a(serial_api.c.o)
                0x08001da4                serial_writable
 .text.serial_putc
                0x08001db8       0x24 ym/mbed-hal-st-stm32f4/source/mbed-hal-st-stm32f4.a(serial_api.c.o)
                0x08001db8                serial_putc
 .text.Set_GPIO_Clock
                0x08001ddc       0xd0 ym/mbed-hal-st-stm32f4/source/mbed-hal-st-stm32f4.a(pinmap.c.o)
                0x08001ddc                Set_GPIO_Clock
 .text.pin_function
                0x08001eac       0x44 ym/mbed-hal-st-stm32f4/source/mbed-hal-st-stm32f4.a(pinmap.c.o)
                0x08001eac                pin_function
 .text.us_ticker_init
                0x08001ef0       0x24 ym/mbed-hal-st-stm32f4/source/mbed-hal-st-stm32f4.a(us_ticker.c.o)
                0x08001ef0                us_ticker_init
 .text.us_ticker_read
                0x08001f14       0x1c ym/mbed-hal-st-stm32f4/source/mbed-hal-st-stm32f4.a(us_ticker.c.o)
                0x08001f14                us_ticker_read
 .text.us_ticker_set_interrupt
                0x08001f30       0x14 ym/mbed-hal-st-stm32f4/source/mbed-hal-st-stm32f4.a(us_ticker.c.o)
                0x08001f30                us_ticker_set_interrupt
 .text.us_ticker_disable_interrupt
                0x08001f44       0x14 ym/mbed-hal-st-stm32f4/source/mbed-hal-st-stm32f4.a(us_ticker.c.o)
                0x08001f44                us_ticker_disable_interrupt
 .text.us_ticker_clear_interrupt
                0x08001f58       0x10 ym/mbed-hal-st-stm32f4/source/mbed-hal-st-stm32f4.a(us_ticker.c.o)
                0x08001f58                us_ticker_clear_interrupt
 .text.timer_irq_handler
                0x08001f68       0x50 ym/mbed-hal-st-stm32f4/source/mbed-hal-st-stm32f4.a(hal_tick.c.o)
                0x08001f68                timer_irq_handler
 .text.HAL_InitTick
                0x08001fb8       0xc0 ym/mbed-hal-st-stm32f4/source/mbed-hal-st-stm32f4.a(hal_tick.c.o)
                0x08001fb8                HAL_InitTick
 .text.UART_SetConfig
                0x08002078      0x148 ym/mbed-hal-st-stm32cubef4/source/mbed-hal-st-stm32cubef4.a(stm32f4xx_hal_uart.c.o)
 .text.HAL_Init
                0x080021c0       0x30 ym/mbed-hal-st-stm32cubef4/source/mbed-hal-st-stm32cubef4.a(stm32f4xx_hal.c.o)
                0x080021c0                HAL_Init
 .text.HAL_IncTick
                0x080021f0       0x10 ym/mbed-hal-st-stm32cubef4/source/mbed-hal-st-stm32cubef4.a(stm32f4xx_hal.c.o)
                0x080021f0                HAL_IncTick
 .text.HAL_GetTick
                0x08002200        0xc ym/mbed-hal-st-stm32cubef4/source/mbed-hal-st-stm32cubef4.a(stm32f4xx_hal.c.o)
                0x08002200                HAL_GetTick
 .text.TIM_Base_SetConfig
                0x0800220c       0x98 ym/mbed-hal-st-stm32cubef4/source/mbed-hal-st-stm32cubef4.a(stm32f4xx_hal_tim.c.o)
                0x0800220c                TIM_Base_SetConfig
 .text.HAL_TIM_OC_Start
                0x080022a4       0x2c ym/mbed-hal-st-stm32cubef4/source/mbed-hal-st-stm32cubef4.a(stm32f4xx_hal_tim.c.o)
                0x080022a4                HAL_TIM_OC_Start
 .text.HAL_DMA_Init
                0x080022d0       0x70 ym/mbed-hal-st-stm32cubef4/source/mbed-hal-st-stm32cubef4.a(stm32f4xx_hal_dma__FIX.c.o)
                0x080022d0                HAL_DMA_Init
 .text.HAL_RCC_OscConfig
                0x08002340      0x320 ym/mbed-hal-st-stm32cubef4/source/mbed-hal-st-stm32cubef4.a(stm32f4xx_hal_rcc.c.o)
                0x08002340                HAL_RCC_OscConfig
 .text.HAL_RCC_ClockConfig
                0x08002660      0x208 ym/mbed-hal-st-stm32cubef4/source/mbed-hal-st-stm32cubef4.a(stm32f4xx_hal_rcc.c.o)
                0x08002660                HAL_RCC_ClockConfig
 .text.HAL_RCC_GetSysClockFreq
                0x08002868       0x84 ym/mbed-hal-st-stm32cubef4/source/mbed-hal-st-stm32cubef4.a(stm32f4xx_hal_rcc.c.o)
                0x08002868                HAL_RCC_GetSysClockFreq
 .text.HAL_RCC_GetHCLKFreq
                0x080028ec       0x38 ym/mbed-hal-st-stm32cubef4/source/mbed-hal-st-stm32cubef4.a(stm32f4xx_hal_rcc.c.o)
                0x080028ec                HAL_RCC_GetHCLKFreq
 .text.HAL_RCC_GetPCLK1Freq
                0x08002924       0x30 ym/mbed-hal-st-stm32cubef4/source/mbed-hal-st-stm32cubef4.a(stm32f4xx_hal_rcc.c.o)
                0x08002924                HAL_RCC_GetPCLK1Freq
 .text.HAL_RCC_GetPCLK2Freq
                0x08002954       0x30 ym/mbed-hal-st-stm32cubef4/source/mbed-hal-st-stm32cubef4.a(stm32f4xx_hal_rcc.c.o)
                0x08002954                HAL_RCC_GetPCLK2Freq
 .text.HAL_RCC_GetClockConfig
                0x08002984       0x3c ym/mbed-hal-st-stm32cubef4/source/mbed-hal-st-stm32cubef4.a(stm32f4xx_hal_rcc.c.o)
                0x08002984                HAL_RCC_GetClockConfig
 .text.HAL_GPIO_Init
                0x080029c0      0x198 ym/mbed-hal-st-stm32cubef4/source/mbed-hal-st-stm32cubef4.a(stm32f4xx_hal_gpio.c.o)
                0x080029c0                HAL_GPIO_Init
 .text.Reset_Handler
                0x08002b58       0x50 ym/mbed-hal-st-stm32f401re/source/mbed-hal-st-stm32f401re.a(startup_stm32f401xe.s.obj)
                0x08002b58                Reset_Handler
 .text.SystemCoreClockUpdate
                0x08002ba8       0x74 ym/cmsis-core-stm32f401xe/source/cmsis-core-stm32f401xe.a(system_stm32f4xx.c.o)
                0x08002ba8                SystemCoreClockUpdate
 .text.SetSysClock_PLL_HSE
                0x08002c1c       0x8c ym/cmsis-core-stm32f401xe/source/cmsis-core-stm32f401xe.a(system_stm32f4xx.c.o)
                0x08002c1c                SetSysClock_PLL_HSE
 .text.SetSysClock_PLL_HSI
                0x08002ca8       0x8c ym/cmsis-core-stm32f401xe/source/cmsis-core-stm32f401xe.a(system_stm32f4xx.c.o)
                0x08002ca8                SetSysClock_PLL_HSI
 .text.SystemInit
                0x08002d34       0x6c ym/cmsis-core-stm32f401xe/source/cmsis-core-stm32f401xe.a(system_stm32f4xx.c.o)
                0x08002d34                SystemInit
 .text.pinmap_pinout
                0x08002da0       0x3c ym/mbed-drivers/source/mbed-drivers.a(pinmap_common.c.o)
                0x08002da0                pinmap_pinout
 .text.pinmap_merge
                0x08002ddc       0x24 ym/mbed-drivers/source/mbed-drivers.a(pinmap_common.c.o)
                0x08002ddc                pinmap_merge
 .text.pinmap_peripheral
                0x08002e00       0x20 ym/mbed-drivers/source/mbed-drivers.a(pinmap_common.c.o)
                0x08002e00                pinmap_peripheral
 .text.us_ticker_irq_handler
                0x08002e20        0xc ym/mbed-drivers/source/mbed-drivers.a(us_ticker_api.c.o)
                0x08002e20                us_ticker_irq_handler
 .text.NVIC_SetVector
                0x08002e2c       0x40 ym/cmsis-core/source/cmsis-core.a(cmsis_nvic.c.o)
                0x08002e2c                NVIC_SetVector
 .text.lp_handler
                0x08002e6c       0x1c ym/mbed-hal-st-stm32f4/source/mbed-hal-st-stm32f4.a(lp_ticker.c.o)
 .text.lp_ticker_init
                0x08002e88       0xa8 ym/mbed-hal-st-stm32f4/source/mbed-hal-st-stm32f4.a(lp_ticker.c.o)
                0x08002e88                lp_ticker_init
 .text.lp_ticker_read
                0x08002f30       0x18 ym/mbed-hal-st-stm32f4/source/mbed-hal-st-stm32f4.a(lp_ticker.c.o)
                0x08002f30                lp_ticker_read
 .text.lp_ticker_set_interrupt
                0x08002f48       0x14 ym/mbed-hal-st-stm32f4/source/mbed-hal-st-stm32f4.a(lp_ticker.c.o)
                0x08002f48                lp_ticker_set_interrupt
 .text.mbed_enter_sleep
                0x08002f5c       0x18 ym/mbed-hal-st-stm32f4/source/mbed-hal-st-stm32f4.a(sleep.c.o)
                0x08002f5c                mbed_enter_sleep
 .text.HAL_PWR_EnterSLEEPMode
                0x08002f74       0x20 ym/mbed-hal-st-stm32cubef4/source/mbed-hal-st-stm32cubef4.a(stm32f4xx_hal_pwr.c.o)
                0x08002f74                HAL_PWR_EnterSLEEPMode
 .text.mbed_ualloc
                0x08002f94       0x5c ym/ualloc/source/ualloc.a(ualloc.c.o)
                0x08002f94                mbed_ualloc
 .text.mbed_urealloc
                0x08002ff0       0x48 ym/ualloc/source/ualloc.a(ualloc.c.o)
                0x08002ff0                mbed_urealloc
 .text.mbed_ufree
                0x08003038       0x30 ym/ualloc/source/ualloc.a(ualloc.c.o)
                0x08003038                mbed_ufree
 .text.init_mparams
                0x08003068       0x40 ym/dlmalloc/source/dlmalloc.a(dlmalloc.c.o)
 .text.init_top.constprop.16
                0x080030a8       0x38 ym/dlmalloc/source/dlmalloc.a(dlmalloc.c.o)
 .text.dispose_chunk.constprop.17
                0x080030e0      0x3e4 ym/dlmalloc/source/dlmalloc.a(dlmalloc.c.o)
 .text.try_realloc_chunk.isra.3.constprop.6
                0x080034c4      0x2cc ym/dlmalloc/source/dlmalloc.a(dlmalloc.c.o)
 .text.segment_holding.constprop.18
                0x08003790       0x20 ym/dlmalloc/source/dlmalloc.a(dlmalloc.c.o)
 .text.dlmalloc
                0x080037b0      0xe2c ym/dlmalloc/source/dlmalloc.a(dlmalloc.c.o)
                0x080037b0                dlmalloc
 .text.dlfree   0x080045dc      0x438 ym/dlmalloc/source/dlmalloc.a(dlmalloc.c.o)
                0x080045dc                dlfree
 .text._ZSt15get_new_handlerv
                0x08004a14       0x10 c:/yotta/gcc/bin/../lib/gcc/arm-none-eabi/4.9.3/../../../../arm-none-eabi/lib/armv7e-m\libstdc++_nano.a(new_handler.o)
                0x08004a14                std::get_new_handler()
 .text          0x08004a24       0x30 c:/yotta/gcc/bin/../lib/gcc/arm-none-eabi/4.9.3/armv7e-m\libgcc.a(_aeabi_uldivmod.o)
                0x08004a24                __aeabi_uldivmod
 .text          0x08004a54       0x60 c:/yotta/gcc/bin/../lib/gcc/arm-none-eabi/4.9.3/armv7e-m\libgcc.a(bpabi.o)
                0x08004a54                __gnu_ldivmod_helper
                0x08004a84                __gnu_uldivmod_helper
 .text          0x08004ab4        0x4 c:/yotta/gcc/bin/../lib/gcc/arm-none-eabi/4.9.3/armv7e-m\libgcc.a(_dvmd_tls.o)
                0x08004ab4                __aeabi_idiv0
                0x08004ab4                __aeabi_ldiv0
 .text          0x08004ab8      0x29c c:/yotta/gcc/bin/../lib/gcc/arm-none-eabi/4.9.3/armv7e-m\libgcc.a(_divdi3.o)
                0x08004ab8                __divdi3
 .text          0x08004d54      0x26c c:/yotta/gcc/bin/../lib/gcc/arm-none-eabi/4.9.3/armv7e-m\libgcc.a(_udivdi3.o)
                0x08004d54                __udivdi3
 .text.__cxa_atexit
                0x08004fc0       0x1c c:/yotta/gcc/bin/../lib/gcc/arm-none-eabi/4.9.3/../../../../arm-none-eabi/lib/armv7e-m\libc_nano.a(lib_a-cxa_atexit.o)
                0x08004fc0                __cxa_atexit
 .text.__errno  0x08004fdc        0xc c:/yotta/gcc/bin/../lib/gcc/arm-none-eabi/4.9.3/../../../../arm-none-eabi/lib/armv7e-m\libc_nano.a(lib_a-errno.o)
                0x08004fdc                __errno
 .text._fclose_r
                0x08004fe8       0xa4 c:/yotta/gcc/bin/../lib/gcc/arm-none-eabi/4.9.3/../../../../arm-none-eabi/lib/armv7e-m\libc_nano.a(lib_a-fclose.o)
                0x08004fe8                _fclose_r
 .text.fclose   0x0800508c       0x10 c:/yotta/gcc/bin/../lib/gcc/arm-none-eabi/4.9.3/../../../../arm-none-eabi/lib/armv7e-m\libc_nano.a(lib_a-fclose.o)
                0x0800508c                fclose
 .text._fflush_r
                0x0800509c       0x54 c:/yotta/gcc/bin/../lib/gcc/arm-none-eabi/4.9.3/../../../../arm-none-eabi/lib/armv7e-m\libc_nano.a(lib_a-fflush.o)
                0x0800509c                _fflush_r
 .text.fflush   0x080050f0       0x24 c:/yotta/gcc/bin/../lib/gcc/arm-none-eabi/4.9.3/../../../../arm-none-eabi/lib/armv7e-m\libc_nano.a(lib_a-fflush.o)
                0x080050f0                fflush
 .text._fgetc_r
                0x08005114       0x58 c:/yotta/gcc/bin/../lib/gcc/arm-none-eabi/4.9.3/../../../../arm-none-eabi/lib/armv7e-m\libc_nano.a(lib_a-fgetc.o)
                0x08005114                _fgetc_r
 .text.fgetc    0x0800516c       0x10 c:/yotta/gcc/bin/../lib/gcc/arm-none-eabi/4.9.3/../../../../arm-none-eabi/lib/armv7e-m\libc_nano.a(lib_a-fgetc.o)
                0x0800516c                fgetc
 .text._cleanup_r
                0x0800517c        0xc c:/yotta/gcc/bin/../lib/gcc/arm-none-eabi/4.9.3/../../../../arm-none-eabi/lib/armv7e-m\libc_nano.a(lib_a-findfp.o)
                0x0800517c                _cleanup_r
 .text.std.isra.0
                0x08005188       0x48 c:/yotta/gcc/bin/../lib/gcc/arm-none-eabi/4.9.3/../../../../arm-none-eabi/lib/armv7e-m\libc_nano.a(lib_a-findfp.o)
 .text.__sinit  0x080051d0       0x60 c:/yotta/gcc/bin/../lib/gcc/arm-none-eabi/4.9.3/../../../../arm-none-eabi/lib/armv7e-m\libc_nano.a(lib_a-findfp.o)
                0x080051d0                __sinit
 .text.__sfp    0x08005230       0x74 c:/yotta/gcc/bin/../lib/gcc/arm-none-eabi/4.9.3/../../../../arm-none-eabi/lib/armv7e-m\libc_nano.a(lib_a-findfp.o)
                0x08005230                __sfp
 .text._fopen_r
                0x080052a4       0x80 c:/yotta/gcc/bin/../lib/gcc/arm-none-eabi/4.9.3/../../../../arm-none-eabi/lib/armv7e-m\libc_nano.a(lib_a-fopen.o)
                0x080052a4                _fopen_r
 .text.fopen    0x08005324       0x14 c:/yotta/gcc/bin/../lib/gcc/arm-none-eabi/4.9.3/../../../../arm-none-eabi/lib/armv7e-m\libc_nano.a(lib_a-fopen.o)
                0x08005324                fopen
 .text.fprintf  0x08005338       0x24 c:/yotta/gcc/bin/../lib/gcc/arm-none-eabi/4.9.3/../../../../arm-none-eabi/lib/armv7e-m\libc_nano.a(lib_a-fprintf.o)
                0x08005338                fiprintf
                0x08005338                fprintf
 .text._fputc_r
                0x0800535c       0x48 c:/yotta/gcc/bin/../lib/gcc/arm-none-eabi/4.9.3/../../../../arm-none-eabi/lib/armv7e-m\libc_nano.a(lib_a-fputc.o)
                0x0800535c                _fputc_r
 .text.fputc    0x080053a4       0x14 c:/yotta/gcc/bin/../lib/gcc/arm-none-eabi/4.9.3/../../../../arm-none-eabi/lib/armv7e-m\libc_nano.a(lib_a-fputc.o)
                0x080053a4                fputc
 .text._fseeko_r
                0x080053b8      0x118 c:/yotta/gcc/bin/../lib/gcc/arm-none-eabi/4.9.3/../../../../arm-none-eabi/lib/armv7e-m\libc_nano.a(lib_a-fseeko.o)
                0x080053b8                _fseeko_r
 .text.__libc_init_array
                0x080054d0       0x4c c:/yotta/gcc/bin/../lib/gcc/arm-none-eabi/4.9.3/../../../../arm-none-eabi/lib/armv7e-m\libc_nano.a(lib_a-init.o)
                0x080054d0                __libc_init_array
 .text.__smakebuf_r
                0x0800551c       0x9c c:/yotta/gcc/bin/../lib/gcc/arm-none-eabi/4.9.3/../../../../arm-none-eabi/lib/armv7e-m\libc_nano.a(lib_a-makebuf.o)
                0x0800551c                __smakebuf_r
 .text.malloc   0x080055b8       0x10 c:/yotta/gcc/bin/../lib/gcc/arm-none-eabi/4.9.3/../../../../arm-none-eabi/lib/armv7e-m\libc_nano.a(lib_a-malloc.o)
                0x080055b8                malloc
 .text.free     0x080055c8       0x10 c:/yotta/gcc/bin/../lib/gcc/arm-none-eabi/4.9.3/../../../../arm-none-eabi/lib/armv7e-m\libc_nano.a(lib_a-malloc.o)
                0x080055c8                free
 .text._vfprintf_r
                0x080055d8      0x210 c:/yotta/gcc/bin/../lib/gcc/arm-none-eabi/4.9.3/../../../../arm-none-eabi/lib/armv7e-m\libc_nano.a(lib_a-nano-vfprintf.o)
                0x080055d8                _vfprintf_r
                0x080055d8                _vfiprintf_r
 .text.vfprintf
                0x080057e8       0x1c c:/yotta/gcc/bin/../lib/gcc/arm-none-eabi/4.9.3/../../../../arm-none-eabi/lib/armv7e-m\libc_nano.a(lib_a-nano-vfprintf.o)
                0x080057e8                vfprintf
                0x080057e8                vfiprintf
 .text._printf_float
                0x08005804      0x48c c:/yotta/gcc/bin/../lib/gcc/arm-none-eabi/4.9.3/../../../../arm-none-eabi/lib/armv7e-m\libc_nano.a(lib_a-nano-vfprintf_float.o)
                0x08005804                _printf_float
 .text._printf_i
                0x08005c90      0x240 c:/yotta/gcc/bin/../lib/gcc/arm-none-eabi/4.9.3/../../../../arm-none-eabi/lib/armv7e-m\libc_nano.a(lib_a-nano-vfprintf_i.o)
                0x08005c90                _printf_i
 .text._scanf_chars
                0x08005ed0       0xc0 c:/yotta/gcc/bin/../lib/gcc/arm-none-eabi/4.9.3/../../../../arm-none-eabi/lib/armv7e-m\libc_nano.a(lib_a-nano-vfscanf_i.o)
                0x08005ed0                _scanf_chars
 .text._scanf_i
                0x08005f90      0x1e4 c:/yotta/gcc/bin/../lib/gcc/arm-none-eabi/4.9.3/../../../../arm-none-eabi/lib/armv7e-m\libc_nano.a(lib_a-nano-vfscanf_i.o)
                0x08005f90                _scanf_i
 .text._open_r  0x08006174       0x24 c:/yotta/gcc/bin/../lib/gcc/arm-none-eabi/4.9.3/../../../../arm-none-eabi/lib/armv7e-m\libc_nano.a(lib_a-openr.o)
                0x08006174                _open_r
 .text.printf   0x08006198       0x30 c:/yotta/gcc/bin/../lib/gcc/arm-none-eabi/4.9.3/../../../../arm-none-eabi/lib/armv7e-m\libc_nano.a(lib_a-printf.o)
                0x08006198                iprintf
                0x08006198                printf
 .text._putc_r  0x080061c8       0x78 c:/yotta/gcc/bin/../lib/gcc/arm-none-eabi/4.9.3/../../../../arm-none-eabi/lib/armv7e-m\libc_nano.a(lib_a-putc.o)
                0x080061c8                _putc_r
 .text.__srefill_r
                0x08006240      0x10c c:/yotta/gcc/bin/../lib/gcc/arm-none-eabi/4.9.3/../../../../arm-none-eabi/lib/armv7e-m\libc_nano.a(lib_a-refill.o)
                0x08006240                __srefill_r
 .text.__srget_r
                0x0800634c       0x58 c:/yotta/gcc/bin/../lib/gcc/arm-none-eabi/4.9.3/../../../../arm-none-eabi/lib/armv7e-m\libc_nano.a(lib_a-rget.o)
                0x0800634c                __srget_r
 .text.__fpclassifyd
                0x080063a4       0x50 c:/yotta/gcc/bin/../lib/gcc/arm-none-eabi/4.9.3/../../../../arm-none-eabi/lib/armv7e-m\libc_nano.a(lib_a-s_fpclassify.o)
                0x080063a4                __fpclassifyd
 .text.setvbuf  0x080063f4      0x110 c:/yotta/gcc/bin/../lib/gcc/arm-none-eabi/4.9.3/../../../../arm-none-eabi/lib/armv7e-m\libc_nano.a(lib_a-setvbuf.o)
                0x080063f4                setvbuf
 .text.raise    0x08006504       0x10 c:/yotta/gcc/bin/../lib/gcc/arm-none-eabi/4.9.3/../../../../arm-none-eabi/lib/armv7e-m\libc_nano.a(lib_a-signal.o)
                0x08006504                raise
 .text._kill_r  0x08006514       0x24 c:/yotta/gcc/bin/../lib/gcc/arm-none-eabi/4.9.3/../../../../arm-none-eabi/lib/armv7e-m\libc_nano.a(lib_a-signalr.o)
                0x08006514                _kill_r
 .text.sprintf  0x08006538       0x48 c:/yotta/gcc/bin/../lib/gcc/arm-none-eabi/4.9.3/../../../../arm-none-eabi/lib/armv7e-m\libc_nano.a(lib_a-sprintf.o)
                0x08006538                siprintf
                0x08006538                sprintf
 .text.sscanf   0x08006580       0x54 c:/yotta/gcc/bin/../lib/gcc/arm-none-eabi/4.9.3/../../../../arm-none-eabi/lib/armv7e-m\libc_nano.a(lib_a-sscanf.o)
                0x08006580                siscanf
                0x08006580                sscanf
 .text._strtol_r
                0x080065d4      0x10c c:/yotta/gcc/bin/../lib/gcc/arm-none-eabi/4.9.3/../../../../arm-none-eabi/lib/armv7e-m\libc_nano.a(lib_a-strtol.o)
                0x080065d4                _strtol_r
 .text._strtoul_r
                0x080066e0       0xf8 c:/yotta/gcc/bin/../lib/gcc/arm-none-eabi/4.9.3/../../../../arm-none-eabi/lib/armv7e-m\libc_nano.a(lib_a-strtoul.o)
                0x080066e0                _strtoul_r
 .text.__swbuf_r
                0x080067d8       0xa8 c:/yotta/gcc/bin/../lib/gcc/arm-none-eabi/4.9.3/../../../../arm-none-eabi/lib/armv7e-m\libc_nano.a(lib_a-wbuf.o)
                0x080067d8                __swbuf_r
 .text._write_r
                0x08006880       0x24 c:/yotta/gcc/bin/../lib/gcc/arm-none-eabi/4.9.3/../../../../arm-none-eabi/lib/armv7e-m\libc_nano.a(lib_a-writer.o)
                0x08006880                _write_r
 .text.__swsetup_r
                0x080068a4       0xd8 c:/yotta/gcc/bin/../lib/gcc/arm-none-eabi/4.9.3/../../../../arm-none-eabi/lib/armv7e-m\libc_nano.a(lib_a-wsetup.o)
                0x080068a4                __swsetup_r
 .text._close_r
                0x0800697c       0x20 c:/yotta/gcc/bin/../lib/gcc/arm-none-eabi/4.9.3/../../../../arm-none-eabi/lib/armv7e-m\libc_nano.a(lib_a-closer.o)
                0x0800697c                _close_r
 .text._fstat_r
                0x0800699c       0x24 c:/yotta/gcc/bin/../lib/gcc/arm-none-eabi/4.9.3/../../../../arm-none-eabi/lib/armv7e-m\libc_nano.a(lib_a-fstatr.o)
                0x0800699c                _fstat_r
 .text._isatty_r
                0x080069c0       0x20 c:/yotta/gcc/bin/../lib/gcc/arm-none-eabi/4.9.3/../../../../arm-none-eabi/lib/armv7e-m\libc_nano.a(lib_a-isattyr.o)
                0x080069c0                _isatty_r
 .text._localeconv_r
                0x080069e0        0x8 c:/yotta/gcc/bin/../lib/gcc/arm-none-eabi/4.9.3/../../../../arm-none-eabi/lib/armv7e-m\libc_nano.a(lib_a-locale.o)
                0x080069e0                _localeconv_r
 .text._lseek_r
                0x080069e8       0x24 c:/yotta/gcc/bin/../lib/gcc/arm-none-eabi/4.9.3/../../../../arm-none-eabi/lib/armv7e-m\libc_nano.a(lib_a-lseekr.o)
                0x080069e8                _lseek_r
 .text.__pow5mult
                0x08006a0c       0x9c c:/yotta/gcc/bin/../lib/gcc/arm-none-eabi/4.9.3/../../../../arm-none-eabi/lib/armv7e-m\libc_nano.a(lib_a-mprec.o)
                0x08006a0c                __pow5mult
 .text._svfprintf_r
                0x08006aa8      0x1e4 c:/yotta/gcc/bin/../lib/gcc/arm-none-eabi/4.9.3/../../../../arm-none-eabi/lib/armv7e-m\libc_nano.a(lib_a-nano-svfprintf.o)
                0x08006aa8                _svfiprintf_r
                0x08006aa8                _svfprintf_r
 .text.__ssvfscanf_r
                0x08006c8c      0x29c c:/yotta/gcc/bin/../lib/gcc/arm-none-eabi/4.9.3/../../../../arm-none-eabi/lib/armv7e-m\libc_nano.a(lib_a-nano-svfscanf.o)
                0x08006c8c                __ssvfiscanf_r
                0x08006c8c                __ssvfscanf_r
 .text._read_r  0x08006f28       0x24 c:/yotta/gcc/bin/../lib/gcc/arm-none-eabi/4.9.3/../../../../arm-none-eabi/lib/armv7e-m\libc_nano.a(lib_a-readr.o)
                0x08006f28                _read_r
 .text          0x08006f4c      0x370 c:/yotta/gcc/bin/../lib/gcc/arm-none-eabi/4.9.3/armv7e-m\libgcc.a(_arm_addsubdf3.o)
                0x08006f4c                __aeabi_drsub
                0x08006f54                __aeabi_dsub
                0x08006f54                __subdf3
                0x08006f58                __aeabi_dadd
                0x08006f58                __adddf3
                0x080071d0                __floatunsidf
                0x080071d0                __aeabi_ui2d
                0x080071f0                __floatsidf
                0x080071f0                __aeabi_i2d
                0x08007214                __aeabi_f2d
                0x08007214                __extendsfdf2
                0x08007250                __floatundidf
                0x08007250                __aeabi_ul2d
                0x08007260                __floatdidf
                0x08007260                __aeabi_l2d
 .text          0x080072bc      0x424 c:/yotta/gcc/bin/../lib/gcc/arm-none-eabi/4.9.3/armv7e-m\libgcc.a(_arm_muldivdf3.o)
                0x080072bc                __aeabi_dmul
                0x080072bc                __muldf3
                0x08007510                __divdf3
                0x08007510                __aeabi_ddiv
 .text          0x080076e0      0x110 c:/yotta/gcc/bin/../lib/gcc/arm-none-eabi/4.9.3/armv7e-m\libgcc.a(_arm_cmpdf2.o)
                0x080076e0                __gtdf2
                0x080076e0                __gedf2
                0x080076e8                __ltdf2
                0x080076e8                __ledf2
                0x080076f0                __nedf2
                0x080076f0                __eqdf2
                0x080076f0                __cmpdf2
                0x0800776c                __aeabi_cdrcmple
                0x0800777c                __aeabi_cdcmpeq
                0x0800777c                __aeabi_cdcmple
                0x0800778c                __aeabi_dcmpeq
                0x080077a0                __aeabi_dcmplt
                0x080077b4                __aeabi_dcmple
                0x080077c8                __aeabi_dcmpge
                0x080077dc                __aeabi_dcmpgt
 .text          0x080077f0       0x50 c:/yotta/gcc/bin/../lib/gcc/arm-none-eabi/4.9.3/armv7e-m\libgcc.a(_arm_fixdfsi.o)
                0x080077f0                __aeabi_d2iz
                0x080077f0                __fixdfsi
 .text.mbed_sbrk
                0x08007840       0x98 ym/core-util/source/core-util.a(sbrk.cpp.o)
                0x08007840                mbed_sbrk
 .text.mbed_krbs_ex
                0x080078d8       0x98 ym/core-util/source/core-util.a(sbrk.cpp.o)
                0x080078d8                mbed_krbs_ex
 .text._ZN4mbed4util19FunctionPointerBaseIvE15_null_copy_argsEPvS3_
                0x08007970        0x2 source/CMakeFiles/blinky.dir/C_/yotta/workspace/blinky/source/app.cpp.o
                0x08007970                mbed::util::FunctionPointerBase<void>::_null_copy_args(void*, void*)
 .text._ZN4mbed4util19FunctionPointerBaseIvE16_null_destructorEPv
                0x08007972        0x2 source/CMakeFiles/blinky.dir/C_/yotta/workspace/blinky/source/app.cpp.o
                0x08007972                mbed::util::FunctionPointerBase<void>::_null_destructor(void*)
 .text._ZN4mbed4util19FunctionPointerBaseIvED2Ev
                0x08007974        0x2 source/CMakeFiles/blinky.dir/C_/yotta/workspace/blinky/source/app.cpp.o
                0x08007974                mbed::util::FunctionPointerBase<void>::~FunctionPointerBase()
                0x08007974                mbed::util::FunctionPointerBase<void>::~FunctionPointerBase()
 .text._ZN4mbed4util16FunctionPointer0IvE12staticcallerEPvPcS3_
                0x08007976        0x2 source/CMakeFiles/blinky.dir/C_/yotta/workspace/blinky/source/app.cpp.o
                0x08007976                mbed::util::FunctionPointer0<void>::staticcaller(void*, char*, void*)
 .text._ZN4mbed4util16FunctionPointer0IvED2Ev
                0x08007978        0x2 source/CMakeFiles/blinky.dir/C_/yotta/workspace/blinky/source/app.cpp.o
                0x08007978                mbed::util::FunctionPointer0<void>::~FunctionPointer0()
                0x08007978                mbed::util::FunctionPointer0<void>::~FunctionPointer0()
 .text._ZN4mbed4util16FunctionPointer0IvED0Ev
                0x0800797a        0xc source/CMakeFiles/blinky.dir/C_/yotta/workspace/blinky/source/app.cpp.o
                0x0800797a                mbed::util::FunctionPointer0<void>::~FunctionPointer0()
 .text._ZN4mbed4util19FunctionPointerBaseIvED0Ev
                0x08007986        0xc source/CMakeFiles/blinky.dir/C_/yotta/workspace/blinky/source/app.cpp.o
                0x08007986                mbed::util::FunctionPointerBase<void>::~FunctionPointerBase()
 .text._ZN4mbed4util19FunctionPointerBindIvED0Ev
                0x08007992       0x12 source/CMakeFiles/blinky.dir/C_/yotta/workspace/blinky/source/app.cpp.o
                0x08007992                mbed::util::FunctionPointerBind<void>::~FunctionPointerBind()
 .text._ZN4mbed4util19FunctionPointerBaseIvE5clearEv
                0x080079a4        0xe source/CMakeFiles/blinky.dir/C_/yotta/workspace/blinky/source/app.cpp.o
                0x080079a4                mbed::util::FunctionPointerBase<void>::clear()
 .text._ZN4mbed10FileHandle4flenEv
                0x080079b2       0x34 ym/mbed-drivers/source/mbed-drivers.a(retarget.cpp.o)
                0x080079b2                mbed::FileHandle::flen()
 .text._ZN4mbed4util16FunctionPointer2IviPPcE16copy_constructorEPvS5_
                0x080079e6        0xc ym/mbed-drivers/source/mbed-drivers.a(retarget.cpp.o)
                0x080079e6                mbed::util::FunctionPointer2<void, int, char**>::copy_constructor(void*, void*)
 .text._ZN4mbed4util16FunctionPointer2IviPPcE10destructorEPv
                0x080079f2        0x2 ym/mbed-drivers/source/mbed-drivers.a(retarget.cpp.o)
                0x080079f2                mbed::util::FunctionPointer2<void, int, char**>::destructor(void*)
 .text._ZN4mbed4util16FunctionPointer2IviPPcE12staticcallerEPvS2_S5_
                0x080079f4        0x8 ym/mbed-drivers/source/mbed-drivers.a(retarget.cpp.o)
                0x080079f4                mbed::util::FunctionPointer2<void, int, char**>::staticcaller(void*, char*, void*)
 .text._ZN4mbed4util16FunctionPointer2IvNS_6BufferEiED2Ev
                0x080079fc        0x2 ym/mbed-drivers/source/mbed-drivers.a(retarget.cpp.o)
                0x080079fc                mbed::util::FunctionPointer2<void, mbed::Buffer, int>::~FunctionPointer2()
                0x080079fc                mbed::util::FunctionPointer2<void, mbed::Buffer, int>::~FunctionPointer2()
 .text._ZN4mbed4util16FunctionPointer2IvNS_6BufferEiED0Ev
                0x080079fe        0xc ym/mbed-drivers/source/mbed-drivers.a(retarget.cpp.o)
                0x080079fe                mbed::util::FunctionPointer2<void, mbed::Buffer, int>::~FunctionPointer2()
 .text._ZN4mbed10SerialBaseD0Ev
                0x08007a0a       0x12 ym/mbed-drivers/source/mbed-drivers.a(retarget.cpp.o)
                0x08007a0a                mbed::SerialBase::~SerialBase()
 .text._ZN4mbed6SerialD1Ev
                0x08007a1c       0x10 ym/mbed-drivers/source/mbed-drivers.a(retarget.cpp.o)
                0x08007a1c                non-virtual thunk to mbed::Serial::~Serial()
                0x08007a24                non-virtual thunk to mbed::Serial::~Serial()
 .text._fstat   0x08007a2c       0x1e ym/mbed-drivers/source/mbed-drivers.a(retarget.cpp.o)
                0x08007a2c                _fstat
 .text.__cxa_pure_virtual
                0x08007a4a        0x8 ym/mbed-drivers/source/mbed-drivers.a(retarget.cpp.o)
                0x08007a4a                __cxa_pure_virtual
 .text.__wrap_main
                0x08007a52        0xe ym/mbed-drivers/source/mbed-drivers.a(retarget.cpp.o)
                0x08007a52                __wrap_main
 .text._exit    0x08007a60        0x4 ym/mbed-drivers/source/mbed-drivers.a(retarget.cpp.o)
                0x08007a60                _exit
 .text._kill    0x08007a64       0x10 ym/mbed-drivers/source/mbed-drivers.a(retarget.cpp.o)
                0x08007a64                _kill
 .text._getpid  0x08007a74        0x4 ym/mbed-drivers/source/mbed-drivers.a(retarget.cpp.o)
                0x08007a74                _getpid
 .text._ZN4mbed6SerialD0Ev
                0x08007a78       0x1e ym/mbed-drivers/source/mbed-drivers.a(retarget.cpp.o)
                0x08007a78                mbed::Serial::~Serial()
                0x08007a8a                non-virtual thunk to mbed::Serial::~Serial()
                0x08007a90                non-virtual thunk to mbed::Serial::~Serial()
 .text._ZN4mbed6Stream5closeEv
                0x08007a96        0x4 ym/mbed-drivers/source/mbed-drivers.a(Stream.cpp.o)
                0x08007a96                mbed::Stream::close()
 .text._ZN4mbed6Stream5writeEPKvj
                0x08007a9a       0x24 ym/mbed-drivers/source/mbed-drivers.a(Stream.cpp.o)
                0x08007a9a                mbed::Stream::write(void const*, unsigned int)
 .text._ZN4mbed6Stream4readEPvj
                0x08007abe       0x24 ym/mbed-drivers/source/mbed-drivers.a(Stream.cpp.o)
                0x08007abe                mbed::Stream::read(void*, unsigned int)
 .text._ZN4mbed6Stream5lseekEli
                0x08007ae2        0x4 ym/mbed-drivers/source/mbed-drivers.a(Stream.cpp.o)
                0x08007ae2                mbed::Stream::lseek(long, int)
 .text._ZN4mbed6Stream6isattyEv
                0x08007ae6        0x4 ym/mbed-drivers/source/mbed-drivers.a(Stream.cpp.o)
                0x08007ae6                mbed::Stream::isatty()
 .text._ZN4mbed6Stream5fsyncEv
                0x08007aea        0x4 ym/mbed-drivers/source/mbed-drivers.a(Stream.cpp.o)
                0x08007aea                mbed::Stream::fsync()
 .text._ZN4mbed6Stream4flenEv
                0x08007aee        0x4 ym/mbed-drivers/source/mbed-drivers.a(Stream.cpp.o)
                0x08007aee                mbed::Stream::flen()
 .text._ZN4mbed6Stream4putcEi
                0x08007af2       0x18 ym/mbed-drivers/source/mbed-drivers.a(Stream.cpp.o)
                0x08007af2                mbed::Stream::putc(int)
 .text._ZN4mbed6Stream4getcEv
                0x08007b0a       0x14 ym/mbed-drivers/source/mbed-drivers.a(Stream.cpp.o)
                0x08007b0a                mbed::Stream::getc()
 .text._ZN4mbed8FileBaseD0Ev
                0x08007b1e       0x12 ym/mbed-drivers/source/mbed-drivers.a(FileBase.cpp.o)
                0x08007b1e                mbed::FileBase::~FileBase()
 .text._ZN4mbed8FileBase11getPathTypeEv
                0x08007b30        0x4 ym/mbed-drivers/source/mbed-drivers.a(FileBase.cpp.o)
                0x08007b30                mbed::FileBase::getPathType()
 .text._ZN4mbed6Serial5_getcEv
                0x08007b34        0x4 ym/mbed-drivers/source/mbed-drivers.a(Serial.cpp.o)
                0x08007b34                mbed::Serial::_getc()
 .text._ZThn196_N4mbed6Serial5_getcEv
                0x08007b38        0x8 ym/mbed-drivers/source/mbed-drivers.a(Serial.cpp.o)
                0x08007b38                non-virtual thunk to mbed::Serial::_getc()
 .text._ZN4mbed6Serial5_putcEi
                0x08007b40        0x4 ym/mbed-drivers/source/mbed-drivers.a(Serial.cpp.o)
                0x08007b40                mbed::Serial::_putc(int)
 .text._ZThn196_N4mbed6Serial5_putcEi
                0x08007b44        0x8 ym/mbed-drivers/source/mbed-drivers.a(Serial.cpp.o)
                0x08007b44                non-virtual thunk to mbed::Serial::_putc(int)
 .text._ZN4mbed8FilePathC2EPKc
                0x08007b4c       0x3c ym/mbed-drivers/source/mbed-drivers.a(FilePath.cpp.o)
                0x08007b4c                mbed::FilePath::FilePath(char const*)
                0x08007b4c                mbed::FilePath::FilePath(char const*)
 .text._ZN4mbed8FilePath8fileNameEv
                0x08007b88        0x4 ym/mbed-drivers/source/mbed-drivers.a(FilePath.cpp.o)
                0x08007b88                mbed::FilePath::fileName()
 .text._ZN4mbed8FilePath12isFileSystemEv
                0x08007b8c       0x12 ym/mbed-drivers/source/mbed-drivers.a(FilePath.cpp.o)
                0x08007b8c                mbed::FilePath::isFileSystem()
 .text._ZN4mbed8FilePath10fileSystemEv
                0x08007b9e        0xe ym/mbed-drivers/source/mbed-drivers.a(FilePath.cpp.o)
                0x08007b9e                mbed::FilePath::fileSystem()
 .text._ZN4mbed8FilePath6isFileEv
                0x08007bac       0x12 ym/mbed-drivers/source/mbed-drivers.a(FilePath.cpp.o)
                0x08007bac                mbed::FilePath::isFile()
 .text._ZN4mbed8FilePath4fileEv
                0x08007bbe       0x12 ym/mbed-drivers/source/mbed-drivers.a(FilePath.cpp.o)
                0x08007bbe                mbed::FilePath::file()
 .text._ZN4mbed8FilePath6existsEv
                0x08007bd0        0xa ym/mbed-drivers/source/mbed-drivers.a(FilePath.cpp.o)
                0x08007bd0                mbed::FilePath::exists()
 .text.gpio_init_out_ex
                0x08007bda       0x30 ym/mbed-drivers/source/mbed-drivers.a(gpio.c.o)
                0x08007bda                gpio_init_out_ex
 .text.gpio_init_out
                0x08007c0a        0x6 ym/mbed-drivers/source/mbed-drivers.a(gpio.c.o)
                0x08007c0a                gpio_init_out
 .text._ZN4mbed10SerialBase12_irq_handlerEm9SerialIrq
                0x08007c10       0x1e ym/mbed-drivers/source/mbed-drivers.a(SerialBase.cpp.o)
                0x08007c10                mbed::SerialBase::_irq_handler(unsigned long, SerialIrq)
 .text._ZN6CThunkIN4mbed10SerialBaseEE10trampolineEPS1_PvPMS1_FvS4_E
                0x08007c2e       0x28 ym/mbed-drivers/source/mbed-drivers.a(SerialBase.cpp.o)
                0x08007c2e                CThunk<mbed::SerialBase>::trampoline(mbed::SerialBase*, void*, void (mbed::SerialBase::**)(void*))
 .text._ZN4mbed4util16FunctionPointer2IvNS_6BufferEiE12staticcallerEPvPcS4_
                0x08007c56        0xa ym/mbed-drivers/source/mbed-drivers.a(SerialBase.cpp.o)
                0x08007c56                mbed::util::FunctionPointer2<void, mbed::Buffer, int>::staticcaller(void*, char*, void*)
 .text._ZN4mbed10SerialBase4baudEi
                0x08007c60       0x12 ym/mbed-drivers/source/mbed-drivers.a(SerialBase.cpp.o)
                0x08007c60                mbed::SerialBase::baud(int)
 .text._ZN4mbed10SerialBase10_base_getcEv
                0x08007c72        0x6 ym/mbed-drivers/source/mbed-drivers.a(SerialBase.cpp.o)
                0x08007c72                mbed::SerialBase::_base_getc()
 .text._ZN4mbed10SerialBase10_base_putcEi
                0x08007c78        0xe ym/mbed-drivers/source/mbed-drivers.a(SerialBase.cpp.o)
                0x08007c78                mbed::SerialBase::_base_putc(int)
 .text.wait_us  0x08007c86       0x16 ym/mbed-drivers/source/mbed-drivers.a(wait_api.c.o)
                0x08007c86                wait_us
 .text.wait_ms  0x08007c9c        0xa ym/mbed-drivers/source/mbed-drivers.a(wait_api.c.o)
                0x08007c9c                wait_ms
 .text.mbed_die
                0x08007ca6       0x12 ym/mbed-drivers/source/mbed-drivers.a(board.c.o)
                0x08007ca6                mbed_die
 .text._ZN5minarL21smallestTimeIncrementEmmm
                0x08007cb8       0x26 ym/minar/source/minar.a(minar.cpp.o)
 .text._ZN5minar9Scheduler13CallbackAdder6periodEm
                0x08007cde        0x4 ym/minar/source/minar.a(minar.cpp.o)
                0x08007cde                minar::Scheduler::CallbackAdder::period(unsigned long)
 .text._ZNK5minar13SchedulerData19CallbackNodeCompareclERKPNS_12CallbackNodeES5_
                0x08007ce2       0x1c ym/minar/source/minar.a(minar.cpp.o)
                0x08007ce2                minar::SchedulerData::CallbackNodeCompare::operator()(minar::CallbackNode* const&, minar::CallbackNode* const&) const
 .text._ZN5minar12millisecondsEm
                0x08007cfe       0x16 ym/minar/source/minar.a(minar.cpp.o)
                0x08007cfe                minar::milliseconds(unsigned long)
 .text._ZN5minar9Scheduler13CallbackAdderC2ERS0_N4mbed4util19FunctionPointerBindIvEE
                0x08007d14       0x20 ym/minar/source/minar.a(minar.cpp.o)
                0x08007d14                minar::Scheduler::CallbackAdder::CallbackAdder(minar::Scheduler&, mbed::util::FunctionPointerBind<void>)
                0x08007d14                minar::Scheduler::CallbackAdder::CallbackAdder(minar::Scheduler&, mbed::util::FunctionPointerBind<void>)
 .text._ZNK4mbed4util5ArrayIPN5minar12CallbackNodeEE19get_element_addressEj
                0x08007d34       0x18 ym/minar/source/minar.a(minar.cpp.o)
                0x08007d34                mbed::util::Array<minar::CallbackNode*>::get_element_address(unsigned int) const
 .text._ZN4mbed4util10BinaryHeapIPN5minar12CallbackNodeENS2_13SchedulerData19CallbackNodeCompareEE5_swapEjj
                0x08007d4c       0x34 ym/minar/source/minar.a(minar.cpp.o)
                0x08007d4c                mbed::util::BinaryHeap<minar::CallbackNode*, minar::SchedulerData::CallbackNodeCompare>::_swap(unsigned int, unsigned int)
 .text._ZN4mbed4util5ArrayIPN5minar12CallbackNodeEE8pop_backEv
                0x08007d80       0x24 ym/minar/source/minar.a(minar.cpp.o)
                0x08007d80                mbed::util::Array<minar::CallbackNode*>::pop_back()
 .text._ZN4mbed4util10BinaryHeapIPN5minar12CallbackNodeENS2_13SchedulerData19CallbackNodeCompareEE15_propagate_downEj
                0x08007da4       0xb0 ym/minar/source/minar.a(minar.cpp.o)
                0x08007da4                mbed::util::BinaryHeap<minar::CallbackNode*, minar::SchedulerData::CallbackNodeCompare>::_propagate_down(unsigned int)
 .text._ZNK4mbed4util5ArrayIPN5minar12CallbackNodeEE16create_new_arrayEjjPNS5_10array_linkE
                0x08007e54       0x26 ym/minar/source/minar.a(minar.cpp.o)
                0x08007e54                mbed::util::Array<minar::CallbackNode*>::create_new_array(unsigned int, unsigned int, mbed::util::Array<minar::CallbackNode*>::array_link*) const
 .text._ZN5minar9SchedulerC2Ev
                0x08007e7a       0x16 ym/minar/source/minar.a(minar.cpp.o)
                0x08007e7a                minar::Scheduler::Scheduler()
                0x08007e7a                minar::Scheduler::Scheduler()
 .text._ZN4mbed4util10BinaryHeapIPN5minar12CallbackNodeENS2_13SchedulerData19CallbackNodeCompareEE6insertERKS4_
                0x08007e90       0xbe ym/minar/source/minar.a(minar.cpp.o)
                0x08007e90                mbed::util::BinaryHeap<minar::CallbackNode*, minar::SchedulerData::CallbackNodeCompare>::insert(minar::CallbackNode* const&)
 .text._ZN5minar9Scheduler13CallbackAdder9getHandleEv
                0x08007f4e       0x50 ym/minar/source/minar.a(minar.cpp.o)
                0x08007f4e                minar::Scheduler::CallbackAdder::getHandle()
 .text._ZN5minar9Scheduler13CallbackAdderD2Ev
                0x08007f9e       0x12 ym/minar/source/minar.a(minar.cpp.o)
                0x08007f9e                minar::Scheduler::CallbackAdder::~CallbackAdder()
                0x08007f9e                minar::Scheduler::CallbackAdder::~CallbackAdder()
 .text._ZN4mbed4util23ExtendablePoolAllocatorC2Ev
                0x08007fb0        0x6 ym/core-util/source/core-util.a(ExtendablePoolAllocator.cpp.o)
                0x08007fb0                mbed::util::ExtendablePoolAllocator::ExtendablePoolAllocator()
                0x08007fb0                mbed::util::ExtendablePoolAllocator::ExtendablePoolAllocator()
 .text._ZN4mbed4util23ExtendablePoolAllocator4freeEPv
                0x08007fb6       0x26 ym/core-util/source/core-util.a(ExtendablePoolAllocator.cpp.o)
                0x08007fb6                mbed::util::ExtendablePoolAllocator::free(void*)
 .text._ZNK4mbed4util23ExtendablePoolAllocator15create_new_poolEjPNS1_9pool_linkE
                0x08007fdc       0x44 ym/core-util/source/core-util.a(ExtendablePoolAllocator.cpp.o)
                0x08007fdc                mbed::util::ExtendablePoolAllocator::create_new_pool(unsigned int, mbed::util::ExtendablePoolAllocator::pool_link*) const
 .text._ZN4mbed4util23ExtendablePoolAllocator4initEjjj12UAllocTraitsj
                0x08008020       0x38 ym/core-util/source/core-util.a(ExtendablePoolAllocator.cpp.o)
                0x08008020                mbed::util::ExtendablePoolAllocator::init(unsigned int, unsigned int, unsigned int, UAllocTraits, unsigned int)
 .text._ZN4mbed4util23ExtendablePoolAllocator5allocEv
                0x08008058       0x60 ym/core-util/source/core-util.a(ExtendablePoolAllocator.cpp.o)
                0x08008058                mbed::util::ExtendablePoolAllocator::alloc()
 .text._ZN4mbed4util13PoolAllocator5allocEv
                0x080080b8       0x2c ym/core-util/source/core-util.a(PoolAllocator.cpp.o)
                0x080080b8                mbed::util::PoolAllocator::alloc()
 .text._ZNK4mbed4util13PoolAllocator4ownsEPKv
                0x080080e4       0x16 ym/core-util/source/core-util.a(PoolAllocator.cpp.o)
                0x080080e4                mbed::util::PoolAllocator::owns(void const*) const
 .text._ZN4mbed4util13PoolAllocator4freeEPv
                0x080080fa       0x2a ym/core-util/source/core-util.a(PoolAllocator.cpp.o)
                0x080080fa                mbed::util::PoolAllocator::free(void*)
 .text._ZN4mbed4util13PoolAllocator13get_pool_sizeEjjj
                0x08008124        0xc ym/core-util/source/core-util.a(PoolAllocator.cpp.o)
                0x08008124                mbed::util::PoolAllocator::get_pool_size(unsigned int, unsigned int, unsigned int)
 .text._ZN4mbed4util13PoolAllocator8align_upEmm
                0x08008130        0xa ym/core-util/source/core-util.a(PoolAllocator.cpp.o)
                0x08008130                mbed::util::PoolAllocator::align_up(unsigned long, unsigned long)
 .text._ZN4mbed4util13PoolAllocator5_initEv
                0x0800813a       0x1e ym/core-util/source/core-util.a(PoolAllocator.cpp.o)
                0x0800813a                mbed::util::PoolAllocator::_init()
 .text._ZN4mbed4util13PoolAllocatorC2EPvjjj
                0x08008158       0x20 ym/core-util/source/core-util.a(PoolAllocator.cpp.o)
                0x08008158                mbed::util::PoolAllocator::PoolAllocator(void*, unsigned int, unsigned int, unsigned int)
                0x08008158                mbed::util::PoolAllocator::PoolAllocator(void*, unsigned int, unsigned int, unsigned int)
 .text.mbed_hal_init
                0x08008178        0xe ym/mbed-hal-st-stm32f4/source/mbed-hal-st-stm32f4.a(hal_api.c.o)
                0x08008178                mbed_hal_init
 .text.pin_mode
                0x08008186       0x2e ym/mbed-hal-st-stm32f4/source/mbed-hal-st-stm32f4.a(pinmap.c.o)
                0x08008186                pin_mode
 .text.gpio_set
                0x080081b4       0x14 ym/mbed-hal-st-stm32f4/source/mbed-hal-st-stm32f4.a(gpio_api.c.o)
                0x080081b4                gpio_set
 .text.gpio_init
                0x080081c8       0x2a ym/mbed-hal-st-stm32f4/source/mbed-hal-st-stm32f4.a(gpio_api.c.o)
                0x080081c8                gpio_init
 .text.gpio_mode
                0x080081f2        0x8 ym/mbed-hal-st-stm32f4/source/mbed-hal-st-stm32f4.a(gpio_api.c.o)
                0x080081f2                gpio_mode
 .text.gpio_dir
                0x080081fa        0xe ym/mbed-hal-st-stm32f4/source/mbed-hal-st-stm32f4.a(gpio_api.c.o)
                0x080081fa                gpio_dir
 .text._ZN5minar8platform4initEv
                0x08008208        0x4 ym/minar-platform-mbed/source/minar-platform-mbed.a(mbed_platform.cpp.o)
                0x08008208                minar::platform::init()
 .text._ZN5minar8platform5sleepEv
                0x0800820c       0x16 ym/minar-platform-mbed/source/minar-platform-mbed.a(mbed_platform.cpp.o)
                0x0800820c                minar::platform::sleep()
 .text._ZN5minar8platform7getTimeEv
                0x08008222        0x4 ym/minar-platform-mbed/source/minar-platform-mbed.a(mbed_platform.cpp.o)
                0x08008222                minar::platform::getTime()
 .text._ZN5minar8platform14sleepFromUntilEmm
                0x08008226       0x56 ym/minar-platform-mbed/source/minar-platform-mbed.a(mbed_platform.cpp.o)
                0x08008226                minar::platform::sleepFromUntil(unsigned long, unsigned long)
 .text.HAL_UART_MspInit
                0x0800827c        0x2 ym/mbed-hal-st-stm32cubef4/source/mbed-hal-st-stm32cubef4.a(stm32f4xx_hal_uart.c.o)
                0x0800827c                HAL_UART_MspInit
 .text.HAL_UART_Init
                0x0800827e       0x58 ym/mbed-hal-st-stm32cubef4/source/mbed-hal-st-stm32cubef4.a(stm32f4xx_hal_uart.c.o)
                0x0800827e                HAL_UART_Init
 .text.HAL_MspInit
                0x080082d6        0x2 ym/mbed-hal-st-stm32cubef4/source/mbed-hal-st-stm32cubef4.a(stm32f4xx_hal.c.o)
                0x080082d6                HAL_MspInit
 .text.HAL_TIM_OC_MspInit
                0x080082d8        0x2 ym/mbed-hal-st-stm32cubef4/source/mbed-hal-st-stm32cubef4.a(stm32f4xx_hal_tim.c.o)
                0x080082d8                HAL_TIM_OC_MspInit
 .text.HAL_TIM_OC_Init
                0x080082da       0x34 ym/mbed-hal-st-stm32cubef4/source/mbed-hal-st-stm32cubef4.a(stm32f4xx_hal_tim.c.o)
                0x080082da                HAL_TIM_OC_Init
 .text.TIM_CCxChannelCmd
                0x0800830e       0x18 ym/mbed-hal-st-stm32cubef4/source/mbed-hal-st-stm32cubef4.a(stm32f4xx_hal_tim.c.o)
                0x0800830e                TIM_CCxChannelCmd
 .text.Default_Handler
                0x08008326        0x2 ym/mbed-hal-st-stm32f401re/source/mbed-hal-st-stm32f401re.a(startup_stm32f401xe.s.obj)
                0x08008326                RTC_Alarm_IRQHandler
                0x08008326                EXTI2_IRQHandler
                0x08008326                DebugMon_Handler
                0x08008326                SPI4_IRQHandler
                0x08008326                TIM1_CC_IRQHandler
                0x08008326                DMA2_Stream5_IRQHandler
                0x08008326                HardFault_Handler
                0x08008326                DMA1_Stream5_IRQHandler
                0x08008326                SysTick_Handler
                0x08008326                PVD_IRQHandler
                0x08008326                SDIO_IRQHandler
                0x08008326                TAMP_STAMP_IRQHandler
                0x08008326                PendSV_Handler
                0x08008326                NMI_Handler
                0x08008326                EXTI3_IRQHandler
                0x08008326                TIM1_UP_TIM10_IRQHandler
                0x08008326                I2C3_ER_IRQHandler
                0x08008326                EXTI0_IRQHandler
                0x08008326                I2C2_EV_IRQHandler
                0x08008326                DMA1_Stream2_IRQHandler
                0x08008326                FPU_IRQHandler
                0x08008326                UsageFault_Handler
                0x08008326                DMA2_Stream2_IRQHandler
                0x08008326                SPI1_IRQHandler
                0x08008326                TIM1_BRK_TIM9_IRQHandler
                0x08008326                DMA2_Stream3_IRQHandler
                0x08008326                USART6_IRQHandler
                0x08008326                DMA2_Stream0_IRQHandler
                0x08008326                TIM4_IRQHandler
                0x08008326                I2C1_EV_IRQHandler
                0x08008326                DMA1_Stream6_IRQHandler
                0x08008326                DMA1_Stream1_IRQHandler
                0x08008326                TIM3_IRQHandler
                0x08008326                RCC_IRQHandler
                0x08008326                Default_Handler
                0x08008326                EXTI15_10_IRQHandler
                0x08008326                ADC_IRQHandler
                0x08008326                DMA1_Stream7_IRQHandler
                0x08008326                TIM5_IRQHandler
                0x08008326                DMA2_Stream7_IRQHandler
                0x08008326                I2C3_EV_IRQHandler
                0x08008326                EXTI9_5_IRQHandler
                0x08008326                RTC_WKUP_IRQHandler
                0x08008326                SPI2_IRQHandler
                0x08008326                MemManage_Handler
                0x08008326                DMA1_Stream0_IRQHandler
                0x08008326                SVC_Handler
                0x08008326                EXTI4_IRQHandler
                0x08008326                WWDG_IRQHandler
                0x08008326                TIM2_IRQHandler
                0x08008326                OTG_FS_WKUP_IRQHandler
                0x08008326                TIM1_TRG_COM_TIM11_IRQHandler
                0x08008326                EXTI1_IRQHandler
                0x08008326                USART2_IRQHandler
                0x08008326                I2C2_ER_IRQHandler
                0x08008326                DMA2_Stream1_IRQHandler
                0x08008326                FLASH_IRQHandler
                0x08008326                DMA2_Stream4_IRQHandler
                0x08008326                BusFault_Handler
                0x08008326                USART1_IRQHandler
                0x08008326                OTG_FS_IRQHandler
                0x08008326                SPI3_IRQHandler
                0x08008326                DMA1_Stream4_IRQHandler
                0x08008326                I2C1_ER_IRQHandler
                0x08008326                DMA2_Stream6_IRQHandler
                0x08008326                DMA1_Stream3_IRQHandler
 .text.SetSysClock
                0x08008328       0x1a ym/cmsis-core-stm32f401xe/source/cmsis-core-stm32f401xe.a(system_stm32f4xx.c.o)
                0x08008328                SetSysClock
 .text.pinmap_find_peripheral
                0x08008342       0x18 ym/mbed-drivers/source/mbed-drivers.a(pinmap_common.c.o)
                0x08008342                pinmap_find_peripheral
 .text.ticker_irq_handler
                0x0800835a       0x48 ym/mbed-drivers/source/mbed-drivers.a(ticker_api.c.o)
                0x0800835a                ticker_irq_handler
 .text.lp_ticker_get_compare_match
                0x080083a2        0x8 ym/mbed-hal-st-stm32f4/source/mbed-hal-st-stm32f4.a(lp_ticker.c.o)
                0x080083a2                lp_ticker_get_compare_match
 .text.lp_ticker_sleep_until
                0x080083aa       0x1a ym/mbed-hal-st-stm32f4/source/mbed-hal-st-stm32f4.a(lp_ticker.c.o)
                0x080083aa                lp_ticker_sleep_until
 .text.mbed_exit_sleep
                0x080083c4        0xc ym/mbed-hal-st-stm32f4/source/mbed-hal-st-stm32f4.a(sleep.c.o)
                0x080083c4                mbed_exit_sleep
 .text.dlcalloc
                0x080083d0       0x40 ym/dlmalloc/source/dlmalloc.a(dlmalloc.c.o)
                0x080083d0                dlcalloc
 .text.dlrealloc
                0x08008410       0x72 ym/dlmalloc/source/dlmalloc.a(dlmalloc.c.o)
                0x08008410                dlrealloc
 .text.__aeabi_atexit
                0x08008482        0xa c:/yotta/gcc/bin/../lib/gcc/arm-none-eabi/4.9.3/../../../../arm-none-eabi/lib/armv7e-m\libstdc++_nano.a(atexit_arm.o)
                0x08008482                __aeabi_atexit
 .text._ZdlPv   0x0800848c        0x4 c:/yotta/gcc/bin/../lib/gcc/arm-none-eabi/4.9.3/../../../../arm-none-eabi/lib/armv7e-m\libstdc++_nano.a(del_op.o)
                0x0800848c                operator delete(void*)
 .text._Znwj    0x08008490       0x22 c:/yotta/gcc/bin/../lib/gcc/arm-none-eabi/4.9.3/../../../../arm-none-eabi/lib/armv7e-m\libstdc++_nano.a(new_op.o)
                0x08008490                operator new(unsigned int)
 .text.abort    0x080084b2        0xe c:/yotta/gcc/bin/../lib/gcc/arm-none-eabi/4.9.3/../../../../arm-none-eabi/lib/armv7e-m\libc_nano.a(lib_a-abort.o)
                0x080084b2                abort
 .text.__sflush_r
                0x080084c0      0x108 c:/yotta/gcc/bin/../lib/gcc/arm-none-eabi/4.9.3/../../../../arm-none-eabi/lib/armv7e-m\libc_nano.a(lib_a-fflush.o)
                0x080084c0                __sflush_r
 .text.__sfmoreglue
                0x080085c8       0x2c c:/yotta/gcc/bin/../lib/gcc/arm-none-eabi/4.9.3/../../../../arm-none-eabi/lib/armv7e-m\libc_nano.a(lib_a-findfp.o)
                0x080085c8                __sfmoreglue
 .text.__sfp_lock_acquire
                0x080085f4        0x2 c:/yotta/gcc/bin/../lib/gcc/arm-none-eabi/4.9.3/../../../../arm-none-eabi/lib/armv7e-m\libc_nano.a(lib_a-findfp.o)
                0x080085f4                __sfp_lock_acquire
 .text.__sfp_lock_release
                0x080085f6        0x2 c:/yotta/gcc/bin/../lib/gcc/arm-none-eabi/4.9.3/../../../../arm-none-eabi/lib/armv7e-m\libc_nano.a(lib_a-findfp.o)
                0x080085f6                __sfp_lock_release
 .text._fseek_r
                0x080085f8        0x4 c:/yotta/gcc/bin/../lib/gcc/arm-none-eabi/4.9.3/../../../../arm-none-eabi/lib/armv7e-m\libc_nano.a(lib_a-fseek.o)
                0x080085f8                _fseek_r
 .text._fwalk   0x080085fc       0x38 c:/yotta/gcc/bin/../lib/gcc/arm-none-eabi/4.9.3/../../../../arm-none-eabi/lib/armv7e-m\libc_nano.a(lib_a-fwalk.o)
                0x080085fc                _fwalk
 .text._fwalk_reent
                0x08008634       0x3c c:/yotta/gcc/bin/../lib/gcc/arm-none-eabi/4.9.3/../../../../arm-none-eabi/lib/armv7e-m\libc_nano.a(lib_a-fwalk.o)
                0x08008634                _fwalk_reent
 .text.memchr   0x08008670       0x1e c:/yotta/gcc/bin/../lib/gcc/arm-none-eabi/4.9.3/../../../../arm-none-eabi/lib/armv7e-m\libc_nano.a(lib_a-memchr.o)
                0x08008670                memchr
 .text.memcpy   0x0800868e       0x16 c:/yotta/gcc/bin/../lib/gcc/arm-none-eabi/4.9.3/../../../../arm-none-eabi/lib/armv7e-m\libc_nano.a(lib_a-memcpy.o)
                0x0800868e                memcpy
 .text.memset   0x080086a4       0x10 c:/yotta/gcc/bin/../lib/gcc/arm-none-eabi/4.9.3/../../../../arm-none-eabi/lib/armv7e-m\libc_nano.a(lib_a-memset.o)
                0x080086a4                memset
 .text.__sfputc_r
                0x080086b4       0x2c c:/yotta/gcc/bin/../lib/gcc/arm-none-eabi/4.9.3/../../../../arm-none-eabi/lib/armv7e-m\libc_nano.a(lib_a-nano-vfprintf.o)
 .text.__sfputs_r
                0x080086e0       0x24 c:/yotta/gcc/bin/../lib/gcc/arm-none-eabi/4.9.3/../../../../arm-none-eabi/lib/armv7e-m\libc_nano.a(lib_a-nano-vfprintf.o)
                0x080086e0                __sfputs_r
 .text.__cvt    0x08008704       0xbc c:/yotta/gcc/bin/../lib/gcc/arm-none-eabi/4.9.3/../../../../arm-none-eabi/lib/armv7e-m\libc_nano.a(lib_a-nano-vfprintf_float.o)
                0x08008704                __cvt
 .text.__exponent
                0x080087c0       0x60 c:/yotta/gcc/bin/../lib/gcc/arm-none-eabi/4.9.3/../../../../arm-none-eabi/lib/armv7e-m\libc_nano.a(lib_a-nano-vfprintf_float.o)
                0x080087c0                __exponent
 .text._printf_common
                0x08008820       0xea c:/yotta/gcc/bin/../lib/gcc/arm-none-eabi/4.9.3/../../../../arm-none-eabi/lib/armv7e-m\libc_nano.a(lib_a-nano-vfprintf_i.o)
                0x08008820                _printf_common
 .text.lflush   0x0800890a       0x12 c:/yotta/gcc/bin/../lib/gcc/arm-none-eabi/4.9.3/../../../../arm-none-eabi/lib/armv7e-m\libc_nano.a(lib_a-refill.o)
 .text.__sccl   0x0800891c       0x64 c:/yotta/gcc/bin/../lib/gcc/arm-none-eabi/4.9.3/../../../../arm-none-eabi/lib/armv7e-m\libc_nano.a(lib_a-sccl.o)
                0x0800891c                __sccl
 .text.setbuf   0x08008980       0x10 c:/yotta/gcc/bin/../lib/gcc/arm-none-eabi/4.9.3/../../../../arm-none-eabi/lib/armv7e-m\libc_nano.a(lib_a-setbuf.o)
                0x08008980                setbuf
 .text._raise_r
                0x08008990       0x50 c:/yotta/gcc/bin/../lib/gcc/arm-none-eabi/4.9.3/../../../../arm-none-eabi/lib/armv7e-m\libc_nano.a(lib_a-signal.o)
                0x08008990                _raise_r
 .text._getpid_r
                0x080089e0        0x4 c:/yotta/gcc/bin/../lib/gcc/arm-none-eabi/4.9.3/../../../../arm-none-eabi/lib/armv7e-m\libc_nano.a(lib_a-signalr.o)
                0x080089e0                _getpid_r
 .text.__sread  0x080089e4       0x22 c:/yotta/gcc/bin/../lib/gcc/arm-none-eabi/4.9.3/../../../../arm-none-eabi/lib/armv7e-m\libc_nano.a(lib_a-stdio.o)
                0x080089e4                __sread
 .text.__seofread
                0x08008a06        0x4 c:/yotta/gcc/bin/../lib/gcc/arm-none-eabi/4.9.3/../../../../arm-none-eabi/lib/armv7e-m\libc_nano.a(lib_a-stdio.o)
                0x08008a06                __seofread
 .text.__swrite
                0x08008a0a       0x38 c:/yotta/gcc/bin/../lib/gcc/arm-none-eabi/4.9.3/../../../../arm-none-eabi/lib/armv7e-m\libc_nano.a(lib_a-stdio.o)
                0x08008a0a                __swrite
 .text.__sseek  0x08008a42       0x24 c:/yotta/gcc/bin/../lib/gcc/arm-none-eabi/4.9.3/../../../../arm-none-eabi/lib/armv7e-m\libc_nano.a(lib_a-stdio.o)
                0x08008a42                __sseek
 .text.__sclose
                0x08008a66        0x8 c:/yotta/gcc/bin/../lib/gcc/arm-none-eabi/4.9.3/../../../../arm-none-eabi/lib/armv7e-m\libc_nano.a(lib_a-stdio.o)
                0x08008a66                __sclose
 .text          0x08008a6e       0x14 c:/yotta/gcc/bin/../lib/gcc/arm-none-eabi/4.9.3/../../../../arm-none-eabi/lib/armv7e-m\libc_nano.a(lib_a-strcmp.o)
                0x08008a6e                strcmp
 .text.strlen   0x08008a82       0x10 c:/yotta/gcc/bin/../lib/gcc/arm-none-eabi/4.9.3/../../../../arm-none-eabi/lib/armv7e-m\libc_nano.a(lib_a-strlen.o)
                0x08008a82                strlen
 .text.strncmp  0x08008a92       0x34 c:/yotta/gcc/bin/../lib/gcc/arm-none-eabi/4.9.3/../../../../arm-none-eabi/lib/armv7e-m\libc_nano.a(lib_a-strncmp.o)
                0x08008a92                strncmp
 .text.__submore
                0x08008ac6       0x76 c:/yotta/gcc/bin/../lib/gcc/arm-none-eabi/4.9.3/../../../../arm-none-eabi/lib/armv7e-m\libc_nano.a(lib_a-ungetc.o)
                0x08008ac6                __submore
 .text.quorem   0x08008b3c      0x11a c:/yotta/gcc/bin/../lib/gcc/arm-none-eabi/4.9.3/../../../../arm-none-eabi/lib/armv7e-m\libc_nano.a(lib_a-dtoa.o)
 .text.__sflags
                0x08008c56       0x6e c:/yotta/gcc/bin/../lib/gcc/arm-none-eabi/4.9.3/../../../../arm-none-eabi/lib/armv7e-m\libc_nano.a(lib_a-flags.o)
                0x08008c56                __sflags
 .text.memmove  0x08008cc4       0x36 c:/yotta/gcc/bin/../lib/gcc/arm-none-eabi/4.9.3/../../../../arm-none-eabi/lib/armv7e-m\libc_nano.a(lib_a-memmove.o)
                0x08008cc4                memmove
 .text._Balloc  0x08008cfa       0x6a c:/yotta/gcc/bin/../lib/gcc/arm-none-eabi/4.9.3/../../../../arm-none-eabi/lib/armv7e-m\libc_nano.a(lib_a-mprec.o)
                0x08008cfa                _Balloc
 .text._Bfree   0x08008d64       0x2e c:/yotta/gcc/bin/../lib/gcc/arm-none-eabi/4.9.3/../../../../arm-none-eabi/lib/armv7e-m\libc_nano.a(lib_a-mprec.o)
                0x08008d64                _Bfree
 .text.__multadd
                0x08008d92       0x7c c:/yotta/gcc/bin/../lib/gcc/arm-none-eabi/4.9.3/../../../../arm-none-eabi/lib/armv7e-m\libc_nano.a(lib_a-mprec.o)
                0x08008d92                __multadd
 .text.__hi0bits
                0x08008e0e       0x40 c:/yotta/gcc/bin/../lib/gcc/arm-none-eabi/4.9.3/../../../../arm-none-eabi/lib/armv7e-m\libc_nano.a(lib_a-mprec.o)
                0x08008e0e                __hi0bits
 .text.__lo0bits
                0x08008e4e       0x5a c:/yotta/gcc/bin/../lib/gcc/arm-none-eabi/4.9.3/../../../../arm-none-eabi/lib/armv7e-m\libc_nano.a(lib_a-mprec.o)
                0x08008e4e                __lo0bits
 .text.__i2b    0x08008ea8       0x12 c:/yotta/gcc/bin/../lib/gcc/arm-none-eabi/4.9.3/../../../../arm-none-eabi/lib/armv7e-m\libc_nano.a(lib_a-mprec.o)
                0x08008ea8                __i2b
 .text.__multiply
                0x08008eba      0x122 c:/yotta/gcc/bin/../lib/gcc/arm-none-eabi/4.9.3/../../../../arm-none-eabi/lib/armv7e-m\libc_nano.a(lib_a-mprec.o)
                0x08008eba                __multiply
 .text.__lshift
                0x08008fdc       0xa6 c:/yotta/gcc/bin/../lib/gcc/arm-none-eabi/4.9.3/../../../../arm-none-eabi/lib/armv7e-m\libc_nano.a(lib_a-mprec.o)
                0x08008fdc                __lshift
 .text.__mcmp   0x08009082       0x38 c:/yotta/gcc/bin/../lib/gcc/arm-none-eabi/4.9.3/../../../../arm-none-eabi/lib/armv7e-m\libc_nano.a(lib_a-mprec.o)
                0x08009082                __mcmp
 .text.__mdiff  0x080090ba       0xbe c:/yotta/gcc/bin/../lib/gcc/arm-none-eabi/4.9.3/../../../../arm-none-eabi/lib/armv7e-m\libc_nano.a(lib_a-mprec.o)
                0x080090ba                __mdiff
 .text.__d2b    0x08009178       0xa4 c:/yotta/gcc/bin/../lib/gcc/arm-none-eabi/4.9.3/../../../../arm-none-eabi/lib/armv7e-m\libc_nano.a(lib_a-mprec.o)
                0x08009178                __d2b
 .text.__ssputs_r
                0x0800921c       0xb2 c:/yotta/gcc/bin/../lib/gcc/arm-none-eabi/4.9.3/../../../../arm-none-eabi/lib/armv7e-m\libc_nano.a(lib_a-nano-svfprintf.o)
                0x0800921c                __ssputs_r
 .text._sungetc_r
                0x080092ce       0x7a c:/yotta/gcc/bin/../lib/gcc/arm-none-eabi/4.9.3/../../../../arm-none-eabi/lib/armv7e-m\libc_nano.a(lib_a-nano-svfscanf.o)
                0x080092ce                _sungetc_r
 .text.__ssrefill_r
                0x08009348       0x3a c:/yotta/gcc/bin/../lib/gcc/arm-none-eabi/4.9.3/../../../../arm-none-eabi/lib/armv7e-m\libc_nano.a(lib_a-nano-svfscanf.o)
                0x08009348                __ssrefill_r
 .text.mbed_krbs
                0x08009382        0x6 ym/core-util/source/core-util.a(sbrk.cpp.o)
                0x08009382                mbed_krbs
 .text.__wrap__malloc_r
                0x08009388        0xc ym/ualloc/source/ualloc.a(malloc.c.o)
                0x08009388                __wrap__malloc_r
 .text.__wrap__calloc_r
                0x08009394        0xe ym/ualloc/source/ualloc.a(malloc.c.o)
                0x08009394                __wrap__calloc_r
 .text.__wrap__realloc_r
                0x080093a2        0xe ym/ualloc/source/ualloc.a(malloc.c.o)
                0x080093a2                __wrap__realloc_r
 .text.__wrap__free_r
                0x080093b0        0x6 ym/ualloc/source/ualloc.a(malloc.c.o)
                0x080093b0                __wrap__free_r
 *(SORT(.init))
 *fill*         0x080093b6        0x2 
 .init          0x080093b8        0x4 c:/yotta/gcc/bin/../lib/gcc/arm-none-eabi/4.9.3/armv7e-m/crti.o
                0x080093b8                _init
 .init          0x080093bc        0x8 c:/yotta/gcc/bin/../lib/gcc/arm-none-eabi/4.9.3/armv7e-m/crtn.o
 *(SORT(.fini))
 .fini          0x080093c4        0x4 c:/yotta/gcc/bin/../lib/gcc/arm-none-eabi/4.9.3/armv7e-m/crti.o
                0x080093c4                _fini
 .fini          0x080093c8        0x8 c:/yotta/gcc/bin/../lib/gcc/arm-none-eabi/4.9.3/armv7e-m/crtn.o
 *crtbegin.o(SORT(.ctors))
 *crtbegin?.o(SORT(.ctors))
 *(SORT(EXCLUDE_FILE(*crtend.o *crtend?.o) .ctors))
 *(SORT(.ctors.*))
 *(SORT(.ctors))
 *crtbegin.o(SORT(.dtors))
 *crtbegin?.o(SORT(.dtors))
 *(SORT(EXCLUDE_FILE(*crtend.o *crtend?.o) .dtors))
 *(SORT(.dtors.*))
 *(SORT(.dtors))
 *(SORT(.rodata*))
 .rodata._ZTVN4mbed4util19FunctionPointerBindIvEE
                0x080093d0       0x14 source/CMakeFiles/blinky.dir/C_/yotta/workspace/blinky/source/app.cpp.o
                0x080093d0                vtable for mbed::util::FunctionPointerBind<void>
 *fill*         0x080093e4        0x4 
 .rodata._ZTVN4mbed10SerialBaseE
                0x080093e8       0x10 ym/mbed-drivers/source/mbed-drivers.a(retarget.cpp.o)
                0x080093e8                vtable for mbed::SerialBase
 .rodata._ZTVN4mbed10FileHandleE
                0x080093f8       0x2c ym/mbed-drivers/source/mbed-drivers.a(retarget.cpp.o)
                0x080093f8                vtable for mbed::FileHandle
 *fill*         0x08009424        0x4 
 .rodata._ZTVN4mbed6StreamE
                0x08009428       0x44 ym/mbed-drivers/source/mbed-drivers.a(Stream.cpp.o)
                0x08009428                vtable for mbed::Stream
 *fill*         0x0800946c        0x4 
 .rodata._ZTVN4mbed8FileLikeE
                0x08009470       0x3c ym/mbed-drivers/source/mbed-drivers.a(FileLike.cpp.o)
                0x08009470                vtable for mbed::FileLike
 *fill*         0x080094ac        0x4 
 .rodata._ZTVN4mbed8FileBaseE
                0x080094b0       0x10 ym/mbed-drivers/source/mbed-drivers.a(FileBase.cpp.o)
                0x080094b0                vtable for mbed::FileBase
 .rodata._ZTVN4mbed6SerialE
                0x080094c0       0x5c ym/mbed-drivers/source/mbed-drivers.a(Serial.cpp.o)
                0x080094c0                vtable for mbed::Serial
 *fill*         0x0800951c        0x4 
 .rodata._ZTVN4mbed4util19FunctionPointerBaseIvEE
                0x08009520       0x14 ym/mbed-drivers/source/mbed-drivers.a(SerialBase.cpp.o)
                0x08009520                vtable for mbed::util::FunctionPointerBase<void>
 *fill*         0x08009534        0x4 
 .rodata._ZTVN4mbed4util16FunctionPointer2IvNS_6BufferEiEE
                0x08009538       0x14 ym/mbed-drivers/source/mbed-drivers.a(SerialBase.cpp.o)
                0x08009538                vtable for mbed::util::FunctionPointer2<void, mbed::Buffer, int>
 *fill*         0x0800954c        0x4 
 .rodata._ZTVN4mbed4util16FunctionPointer0IvEE
                0x08009550       0x14 ym/mbed-drivers/source/mbed-drivers.a(SerialBase.cpp.o)
                0x08009550                vtable for mbed::util::FunctionPointer0<void>
 *fill*         0x08009564        0x4 
 .rodata.__mprec_tens
                0x08009568       0xc8 c:/yotta/gcc/bin/../lib/gcc/arm-none-eabi/4.9.3/../../../../arm-none-eabi/lib/armv7e-m\libc_nano.a(lib_a-mprec.o)
                0x08009568                __mprec_tens
 .rodata.__mprec_bigtens
                0x08009630       0x28 c:/yotta/gcc/bin/../lib/gcc/arm-none-eabi/4.9.3/../../../../arm-none-eabi/lib/armv7e-m\libc_nano.a(lib_a-mprec.o)
                0x08009630                __mprec_bigtens
 .rodata._ZN4mbed4util19FunctionPointerBaseIvE8_nullopsE
                0x08009658        0x8 source/CMakeFiles/blinky.dir/C_/yotta/workspace/blinky/source/app.cpp.o
                0x08009658                mbed::util::FunctionPointerBase<void>::_nullops
 .rodata._ZN4mbed4util16FunctionPointer2IviPPcE8_fp2_opsE
                0x08009660        0x8 ym/mbed-drivers/source/mbed-drivers.a(retarget.cpp.o)
                0x08009660                mbed::util::FunctionPointer2<void, int, char**>::_fp2_ops
 .rodata.DMA_UartTx_Channel
                0x08009668       0x20 ym/mbed-hal-st-stm32f4/source/mbed-hal-st-stm32f4.a(serial_api.c.o)
 .rodata.DMA_UartRx_Channel
                0x08009688       0x20 ym/mbed-hal-st-stm32f4/source/mbed-hal-st-stm32f4.a(serial_api.c.o)
 .rodata.gpio_mode
                0x080096a8       0x34 ym/mbed-hal-st-stm32f4/source/mbed-hal-st-stm32f4.a(pinmap.c.o)
 .rodata.PinMap_UART_RX
                0x080096dc       0x48 ym/mbed-hal-st-stm32f401re/source/mbed-hal-st-stm32f401re.a(PeripheralPins.c.o)
                0x080096dc                PinMap_UART_RX
 .rodata.PinMap_UART_TX
                0x08009724       0x48 ym/mbed-hal-st-stm32f401re/source/mbed-hal-st-stm32f401re.a(PeripheralPins.c.o)
                0x08009724                PinMap_UART_TX
 .rodata.us_interface
                0x0800976c       0x14 ym/mbed-drivers/source/mbed-drivers.a(us_ticker_api.c.o)
 .rodata.us_data
                0x08009780        0x8 ym/mbed-drivers/source/mbed-drivers.a(us_ticker_api.c.o)
 .rodata.__sf_fake_stdin
                0x08009788       0x20 c:/yotta/gcc/bin/../lib/gcc/arm-none-eabi/4.9.3/../../../../arm-none-eabi/lib/armv7e-m\libc_nano.a(lib_a-findfp.o)
                0x08009788                __sf_fake_stdin
 .rodata.__sf_fake_stdout
                0x080097a8       0x20 c:/yotta/gcc/bin/../lib/gcc/arm-none-eabi/4.9.3/../../../../arm-none-eabi/lib/armv7e-m\libc_nano.a(lib_a-findfp.o)
                0x080097a8                __sf_fake_stdout
 .rodata.__sf_fake_stderr
                0x080097c8       0x20 c:/yotta/gcc/bin/../lib/gcc/arm-none-eabi/4.9.3/../../../../arm-none-eabi/lib/armv7e-m\libc_nano.a(lib_a-findfp.o)
                0x080097c8                __sf_fake_stderr
 .rodata._global_impure_ptr
                0x080097e8        0x4 c:/yotta/gcc/bin/../lib/gcc/arm-none-eabi/4.9.3/../../../../arm-none-eabi/lib/armv7e-m\libc_nano.a(lib_a-impure.o)
                0x080097e8                _global_impure_ptr
 .rodata        0x080097ec        0xc c:/yotta/gcc/bin/../lib/gcc/arm-none-eabi/4.9.3/../../../../arm-none-eabi/lib/armv7e-m\libc_nano.a(lib_a-nano-vfscanf_i.o)
 .rodata.p05.5314
                0x080097f8        0xc c:/yotta/gcc/bin/../lib/gcc/arm-none-eabi/4.9.3/../../../../arm-none-eabi/lib/armv7e-m\libc_nano.a(lib_a-mprec.o)
 .rodata.str1.1
                0x08009804        0xc source/CMakeFiles/blinky.dir/C_/yotta/workspace/blinky/source/app.cpp.o
 .rodata.__stdin_name
                0x08009810        0x7 ym/mbed-drivers/source/mbed-drivers.a(retarget.cpp.o)
                0x08009810                __stdin_name
 .rodata.__stderr_name
                0x08009817        0x8 ym/mbed-drivers/source/mbed-drivers.a(retarget.cpp.o)
                0x08009817                __stderr_name
 .rodata.str1.1
                0x0800981f        0xe ym/mbed-drivers/source/mbed-drivers.a(retarget.cpp.o)
 .rodata.__stdout_name
                0x0800982d        0x8 ym/mbed-drivers/source/mbed-drivers.a(retarget.cpp.o)
                0x0800982d                __stdout_name
 .rodata.str1.1
                0x08009835        0x3 ym/mbed-drivers/source/mbed-drivers.a(Stream.cpp.o)
                                  0x7 (size before relaxing)
 .rodata.str1.1
                0x08009838      0x188 ym/minar/source/minar.a(minar.cpp.o)
 .rodata.str1.1
                0x080099c0       0x54 ym/core-util/source/core-util.a(assert_mbed.c.o)
 .rodata.str1.1
                0x08009a14       0x4c ym/mbed-hal-st-stm32f4/source/mbed-hal-st-stm32f4.a(serial_api.c.o)
 .rodata.str1.1
                0x08009a60       0x21 ym/mbed-hal-st-stm32f4/source/mbed-hal-st-stm32f4.a(pinmap.c.o)
 .rodata.APBAHBPrescTable
                0x08009a81       0x10 ym/mbed-hal-st-stm32cubef4/source/mbed-hal-st-stm32cubef4.a(stm32f4xx_hal_rcc.c.o)
                0x08009a81                APBAHBPrescTable
 .rodata.AHBPrescTable
                0x08009a91       0x10 ym/cmsis-core-stm32f401xe/source/cmsis-core-stm32f401xe.a(system_stm32f4xx.c.o)
                0x08009a91                AHBPrescTable
 .rodata.str1.1
                0x08009aa1       0x60 ym/mbed-drivers/source/mbed-drivers.a(pinmap_common.c.o)
 .rodata.str1.1
                0x08009b01        0x2 c:/yotta/gcc/bin/../lib/gcc/arm-none-eabi/4.9.3/../../../../arm-none-eabi/lib/armv7e-m\libc_nano.a(lib_a-impure.o)
 .rodata.str1.1
                0x08009b03       0x11 c:/yotta/gcc/bin/../lib/gcc/arm-none-eabi/4.9.3/../../../../arm-none-eabi/lib/armv7e-m\libc_nano.a(lib_a-nano-vfprintf.o)
 .rodata.str1.1
                0x08009b14       0x10 c:/yotta/gcc/bin/../lib/gcc/arm-none-eabi/4.9.3/../../../../arm-none-eabi/lib/armv7e-m\libc_nano.a(lib_a-nano-vfprintf_float.o)
                                 0x12 (size before relaxing)
 .rodata.str1.1
                0x08009b24       0x22 c:/yotta/gcc/bin/../lib/gcc/arm-none-eabi/4.9.3/../../../../arm-none-eabi/lib/armv7e-m\libc_nano.a(lib_a-nano-vfprintf_i.o)
 .rodata.str1.1
                0x08009b46       0x1b c:/yotta/gcc/bin/../lib/gcc/arm-none-eabi/4.9.3/../../../../arm-none-eabi/lib/armv7e-m\libc_nano.a(lib_a-nano-vfscanf_i.o)
 .rodata._ctype_
                0x08009b61      0x101 c:/yotta/gcc/bin/../lib/gcc/arm-none-eabi/4.9.3/../../../../arm-none-eabi/lib/armv7e-m\libc_nano.a(lib_a-ctype_.o)
                0x08009b61                _ctype_
 .rodata.str1.1
                0x08009c62        0xd c:/yotta/gcc/bin/../lib/gcc/arm-none-eabi/4.9.3/../../../../arm-none-eabi/lib/armv7e-m\libc_nano.a(lib_a-dtoa.o)
                                  0xf (size before relaxing)
 .rodata.str1.1
                0x08009c6f        0x6 c:/yotta/gcc/bin/../lib/gcc/arm-none-eabi/4.9.3/../../../../arm-none-eabi/lib/armv7e-m\libc_nano.a(lib_a-locale.o)
                                  0xb (size before relaxing)
 .rodata.str1.1
                0x00000000       0x11 c:/yotta/gcc/bin/../lib/gcc/arm-none-eabi/4.9.3/../../../../arm-none-eabi/lib/armv7e-m\libc_nano.a(lib_a-nano-svfprintf.o)
 .rodata.str1.1
                0x00000000        0x4 c:/yotta/gcc/bin/../lib/gcc/arm-none-eabi/4.9.3/../../../../arm-none-eabi/lib/armv7e-m\libc_nano.a(lib_a-nano-svfscanf.o)
 *(SORT(.eh_frame*))
 *fill*         0x08009c75        0x3 
 .eh_frame      0x08009c78        0x0 c:/yotta/gcc/bin/../lib/gcc/arm-none-eabi/4.9.3/armv7e-m/crtbegin.o
 .eh_frame      0x08009c78       0x28 c:/yotta/gcc/bin/../lib/gcc/arm-none-eabi/4.9.3/../../../../arm-none-eabi/lib/armv7e-m\libc_nano.a(lib_a-strcmp.o)
 .eh_frame      0x08009ca0        0x4 c:/yotta/gcc/bin/../lib/gcc/arm-none-eabi/4.9.3/armv7e-m/crtend.o

.glue_7         0x08009ca4        0x0
 .glue_7        0x00000000        0x0 linker stubs

.glue_7t        0x08009ca4        0x0
 .glue_7t       0x00000000        0x0 linker stubs

.vfp11_veneer   0x08009ca4        0x0
 .vfp11_veneer  0x00000000        0x0 linker stubs

.v4_bx          0x08009ca4        0x0
 .v4_bx         0x00000000        0x0 linker stubs

.iplt           0x08009ca4        0x0
 .iplt          0x00000000        0x0 c:/yotta/gcc/bin/../lib/gcc/arm-none-eabi/4.9.3/armv7e-m/crtbegin.o

.ARM.extab
 *(SORT(.ARM.extab*) SORT(.gnu.linkonce.armextab.*))
                0x08009ca4                __exidx_start = .

.ARM.exidx      0x08009ca4        0x8
 *(SORT(.ARM.exidx*) SORT(.gnu.linkonce.armexidx.*))
 .ARM.exidx     0x08009ca4        0x8 c:/yotta/gcc/bin/../lib/gcc/arm-none-eabi/4.9.3/../../../../arm-none-eabi/lib/armv7e-m/crt0.o
 .ARM.exidx     0x08009cac        0x0 c:/yotta/gcc/bin/../lib/gcc/arm-none-eabi/4.9.3/armv7e-m\libgcc.a(_divdi3.o)
                                  0x8 (size before relaxing)
 .ARM.exidx     0x08009cac        0x0 c:/yotta/gcc/bin/../lib/gcc/arm-none-eabi/4.9.3/armv7e-m\libgcc.a(_udivdi3.o)
                                  0x8 (size before relaxing)
                0x08009cac                __exidx_end = .
                0x08009cac                __etext = .
                0x08009cac                _sidata = .

.rel.dyn        0x08009cac        0x0
 .rel.iplt      0x00000000        0x0 c:/yotta/gcc/bin/../lib/gcc/arm-none-eabi/4.9.3/armv7e-m/crtbegin.o

.stack          0x200001a0     0x8000
                0x200001a0                __StackLimit = .
 *(SORT(.stack*))
                0x200081a0                . = (. + (0x8000 - (. - __StackLimit)))
 *fill*         0x200001a0     0x8000 
                0x200081a0                __StackTop = (ADDR (.stack) + SIZEOF (.stack))
                0x200001a0                __StackLimit = ADDR (.stack)
                0x200081a0                PROVIDE (__stack, __StackTop)

.data           0x200081a0      0x100 load address 0x08009cac
                0x08009cac                PROVIDE (__etext, LOADADDR (.data))
                0x200081a0                __data_start__ = .
                0x200081a0                _sdata = .
 *(SORT(vtable))
 *(SORT(.data*))
 .data          0x200081a0        0x4 c:/yotta/gcc/bin/../lib/gcc/arm-none-eabi/4.9.3/armv7e-m/crtbegin.o
                0x200081a0                __dso_handle
 .data.DMA_UartTx_Stream